
> frontend@0.1.0 build
> next build

npm :  ΓÜá Mismatching @next/swc version, detected: 15.5.7 while 
Next.js is on 15.5.11. Please ensure these match
At line:1 char:1
+ npm run build > build_output.txt 2>&1
+ ~~~~~~~~~~~~~~~~~~~~~~~~~~~~~~~~~~~~~
    + CategoryInfo          : NotSpecified: ( ΓÜá Mismatchin...ure t 
   hese match:String) [], RemoteException
    + FullyQualifiedErrorId : NativeCommandError
 
   Γû▓ Next.js 15.5.11
   - Environments: .env

   Creating an optimized production build ...
 Γ£ô (pwa) Compiling for server...
 Γ£ô (pwa) Compiling for server...
 Γ£ô (pwa) Compiling for client (static)...
 Γùï (pwa) Service worker: D:\Project WebApp\project-hrm\frontend\public\sw.js
 Γùï (pwa)   URL: /sw.js
 Γùï (pwa)   Scope: /
 Γ£ô Compiled successfully in 10.8s
   Linting and checking validity of types ...

Failed to compile.

./app/dashboard/employees/page.tsx
7:5  Warning: 'Briefcase' is defined but never used.  
@typescript-eslint/no-unused-vars
7:16  Warning: 'Building2' is defined but never used.  
@typescript-eslint/no-unused-vars
7:27  Warning: 'Calendar' is defined but never used.  
@typescript-eslint/no-unused-vars
7:37  Warning: 'Phone' is defined but never used.  
@typescript-eslint/no-unused-vars
7:44  Warning: 'Mail' is defined but never used.  
@typescript-eslint/no-unused-vars
8:5  Warning: 'CreditCard' is defined but never used.  
@typescript-eslint/no-unused-vars
8:17  Warning: 'Banknote' is defined but never used.  
@typescript-eslint/no-unused-vars
8:27  Warning: 'AlertTriangle' is defined but never used.  
@typescript-eslint/no-unused-vars
8:66  Warning: 'Upload' is defined but never used.  
@typescript-eslint/no-unused-vars

./app/dashboard/leaves/page.tsx
9:5  Warning: 'Briefcase' is defined but never used.  
@typescript-eslint/no-unused-vars

./app/dashboard/payroll/create/page.tsx
16:5  Warning: 'AlertCircle' is defined but never used.  
@typescript-eslint/no-unused-vars
49:5  Warning: 'CardFooter' is defined but never used.  
@typescript-eslint/no-unused-vars
80:25  Error: Unexpected any. Specify a different type.  
@typescript-eslint/no-explicit-any

./app/dashboard/payroll/page.tsx
7:20  Warning: 'Calculator' is defined but never used.  
@typescript-eslint/no-unused-vars

./app/dashboard/payroll/[id]/page.tsx
14:25  Warning: 'PayrollSummary' is defined but never used.  
@typescript-eslint/no-unused-vars

./app/dashboard/profile/page.tsx
11:28  Warning: 'Calendar' is defined but never used.  
@typescript-eslint/no-unused-vars
122:44  Warning: 'error' is assigned a value but never used.  
@typescript-eslint/no-unused-vars
188:45  Warning: Using `<img>` could result in slower LCP and higher 
bandwidth. Consider using `<Image />` from `next/image` or a custom 
image loader to automatically optimize images. This may incur 
additional usage or cost from your provider. See: 
https://nextjs.org/docs/messages/no-img-element  
@next/next/no-img-element

./app/dashboard/settings/documentation/page.tsx
24:10  Warning: 'ScrollArea' is defined but never used.  
@typescript-eslint/no-unused-vars

./app/dashboard/settings/master/bank-payroll/page.tsx
25:52  Warning: 'CardDescription' is defined but never used.  
@typescript-eslint/no-unused-vars
55:18  Warning: 'error' is defined but never used.  
@typescript-eslint/no-unused-vars
72:18  Warning: 'error' is defined but never used.  
@typescript-eslint/no-unused-vars

./app/dashboard/settings/master/employee-level/page.tsx
9:5  Warning: 'RefreshCcw' is defined but never used.  
@typescript-eslint/no-unused-vars
47:18  Warning: 'error' is defined but never used.  
@typescript-eslint/no-unused-vars
64:18  Warning: 'error' is defined but never used.  
@typescript-eslint/no-unused-vars

./app/dashboard/settings/master/factory/page.tsx
9:5  Warning: 'RefreshCcw' is defined but never used.  
@typescript-eslint/no-unused-vars
47:18  Warning: 'error' is defined but never used.  
@typescript-eslint/no-unused-vars
64:18  Warning: 'error' is defined but never used.  
@typescript-eslint/no-unused-vars

./app/dashboard/settings/master/organization-structure/page.tsx
68:18  Warning: 'error' is defined but never used.  
@typescript-eslint/no-unused-vars
107:18  Warning: 'error' is defined but never used.  
@typescript-eslint/no-unused-vars
129:11  Warning: 'getTabIcon' is assigned a value but never used.  
@typescript-eslint/no-unused-vars
289:44  Error: Unexpected any. Specify a different type.  
@typescript-eslint/no-explicit-any
367:38  Error: Unexpected any. Specify a different type.  
@typescript-eslint/no-explicit-any

./app/dashboard/settings/master/position/page.tsx
56:18  Warning: 'error' is defined but never used.  
@typescript-eslint/no-unused-vars
73:18  Warning: 'error' is defined but never used.  
@typescript-eslint/no-unused-vars

./components/auth/LoginForm.tsx
116:27  Error: Unexpected any. Specify a different type.  
@typescript-eslint/no-explicit-any
173:23  Error: Unexpected any. Specify a different type.  
@typescript-eslint/no-explicit-any

./components/dashboard/ChartSummary.tsx
200:17  Warning: 'type' is assigned a value but never used.  
@typescript-eslint/no-unused-vars
314:56  Error: Unexpected any. Specify a different type.  
@typescript-eslint/no-explicit-any
515:106  Error: Unexpected any. Specify a different type.  
@typescript-eslint/no-explicit-any

./components/dashboard/EmployeeDashboard.tsx
9:5  Warning: 'LogOut' is defined but never used.  
@typescript-eslint/no-unused-vars
10:5  Warning: 'Briefcase' is defined but never used.  
@typescript-eslint/no-unused-vars
19:29  Warning: 'CardHeader' is defined but never used.  
@typescript-eslint/no-unused-vars
19:41  Warning: 'CardTitle' is defined but never used.  
@typescript-eslint/no-unused-vars
19:52  Warning: 'CardDescription' is defined but never used.  
@typescript-eslint/no-unused-vars
20:60  Warning: 'DialogDescription' is defined but never used.  
@typescript-eslint/no-unused-vars

./components/dashboard/RecentActivity.tsx
4:62  Warning: 'FileText' is defined but never used.  
@typescript-eslint/no-unused-vars

./components/dashboard/SidebarOld.tsx
41:9  Error: Error: Calling setState synchronously within an effect 
can trigger cascading renders

Effects are intended to synchronize state between React and external 
systems such as manually updating the DOM, state management 
libraries, or other platform APIs. In general, the body of an effect 
should do one or both of the following:
* Update external systems with the latest state from React.
* Subscribe for updates from some external system, calling setState 
in a callback function when external state changes.

Calling setState synchronously within an effect body causes 
cascading renders that can hurt performance, and is not recommended. 
(https://react.dev/learn/you-might-not-need-an-effect).

D:\Project 
WebApp\project-hrm\frontend\components\dashboard\SidebarOld.tsx:41:9
  39 |
  40 |     useEffect(() => {
> 41 |         setMounted(true);
     |         ^^^^^^^^^^ Avoid calling setState() directly within 
an effect
  42 |     }, []);
  43 |
  44 |     // Helper to check active state  
react-hooks/set-state-in-effect
106:29  Warning: Using `<img>` could result in slower LCP and higher 
bandwidth. Consider using `<Image />` from `next/image` or a custom 
image loader to automatically optimize images. This may incur 
additional usage or cost from your provider. See: 
https://nextjs.org/docs/messages/no-img-element  
@next/next/no-img-element

./components/employees/EmployeeDetailSheet.tsx
12:22  Warning: 'Building2' is defined but never used.  
@typescript-eslint/no-unused-vars
12:43  Warning: 'Phone' is defined but never used.  
@typescript-eslint/no-unused-vars
12:50  Warning: 'Mail' is defined but never used.  
@typescript-eslint/no-unused-vars
266:59  Error: Unexpected any. Specify a different type.  
@typescript-eslint/no-explicit-any
298:53  Warning: 'copyable' is assigned a value but never used.  
@typescript-eslint/no-unused-vars
298:109  Error: Unexpected any. Specify a different type.  
@typescript-eslint/no-explicit-any
319:49  Error: Unexpected any. Specify a different type.  
@typescript-eslint/no-explicit-any

./components/employees/EmployeeDialog.tsx
57:11  Warning: 'queryClient' is assigned a value but never used.  
@typescript-eslint/no-unused-vars
465:134  Warning: Compilation Skipped: Use of incompatible library

This API returns functions which cannot be memoized without leading 
to stale UI. To prevent this, by default React Compiler will skip 
memoizing this component/hook. However, you may see issues if values 
from this API are passed to other components/hooks that are memoized.

D:\Project WebApp\project-hrm\frontend\components\employees\EmployeeD
ialog.tsx:465:134
  463 |                                                         
<SelectContent className="dark:bg-slate-900 dark:border-slate-800">
  464 |                                                             
<SelectItem value="none" className="font-bold text-slate-400 
italic">No Second Superior</SelectItem>
> 465 |                                                             
{employeesList.filter(e => e.emplId !== employee?.emplId && e.emplId 
!== form.watch('superiorId')).map((emp) => (
      |                                                              
                                                                     
   ^^^^ React Hook Form's `useForm()` API returns a `watch()` 
function which cannot be memoized safely.
  466 |                                                              
   <SelectItem key={emp.emplId} value={emp.emplId} 
className="font-bold">
  467 |                                                              
       {emp.nama} ({emp.emplId})
  468 |                                                              
   </SelectItem>  react-hooks/incompatible-library

./components/ErrorBoundary.tsx
26:48  Error: Unexpected any. Specify a different type.  
@typescript-eslint/no-explicit-any

./components/layout/navbar.tsx
30:15  Error: Unexpected any. Specify a different type.  
@typescript-eslint/no-explicit-any
182:49  Error: Use "@ts-expect-error" instead of "@ts-ignore", as 
"@ts-ignore" will do nothing if the following line is error-free.  
@typescript-eslint/ban-ts-comment
217:45  Error: Use "@ts-expect-error" instead of "@ts-ignore", as 
"@ts-ignore" will do nothing if the following line is error-free.  
@typescript-eslint/ban-ts-comment
374:45  Warning: Using `<img>` could result in slower LCP and higher 
bandwidth. Consider using `<Image />` from `next/image` or a custom 
image loader to automatically optimize images. This may incur 
additional usage or cost from your provider. See: 
https://nextjs.org/docs/messages/no-img-element  
@next/next/no-img-element

./components/NotificationDropdown.tsx
76:8  Warning: React Hook useEffect has a missing dependency: 
'sampleNotifications'. Either include it or remove the dependency 
array.  react-hooks/exhaustive-deps
89:11  Warning: 'getNotificationIcon' is assigned a value but never 
used.  @typescript-eslint/no-unused-vars
106:11  Warning: 'getPriorityClass' is assigned a value but never 
used.  @typescript-eslint/no-unused-vars

./components/PWAInstallPrompt.tsx
6:58  Error: Unexpected any. Specify a different type.  
@typescript-eslint/no-explicit-any
11:47  Error: Unexpected any. Specify a different type.  
@typescript-eslint/no-explicit-any

./components/requests/RequestDetailSheet.tsx
16:5  Warning: 'Clock' is defined but never used.  
@typescript-eslint/no-unused-vars
17:5  Warning: 'FileText' is defined but never used.  
@typescript-eslint/no-unused-vars
19:5  Warning: 'MapPin' is defined but never used.  
@typescript-eslint/no-unused-vars
22:5  Warning: 'Info' is defined but never used.  
@typescript-eslint/no-unused-vars
132:41  Error: 'stepName' is never reassigned. Use 'const' instead.  
prefer-const

./components/requests/RequestDialog.tsx
14:5  Warning: 'Briefcase' is defined but never used.  
@typescript-eslint/no-unused-vars
71:25  Error: Unexpected any. Specify a different type.  
@typescript-eslint/no-explicit-any

./components/requests/RequestTable.tsx
231:81  Error: Unexpected any. Specify a different type.  
@typescript-eslint/no-explicit-any

./components/settings/company/CompanyFormWithValidation.tsx
14:17  Warning: 'Link' is defined but never used.  
@typescript-eslint/no-unused-vars
19:10  Warning: 'Separator' is defined but never used.  
@typescript-eslint/no-unused-vars
987:86  Warning: 'e' is defined but never used.  
@typescript-eslint/no-unused-vars

./components/settings/master/OrgStructureDialogs.tsx
3:28  Warning: 'useState' is defined but never used.  
@typescript-eslint/no-unused-vars
10:5  Warning: 'DialogDescription' is defined but never used.  
@typescript-eslint/no-unused-vars
211:89  Warning: Compilation Skipped: Use of incompatible library

This API returns functions which cannot be memoized without leading 
to stale UI. To prevent this, by default React Compiler will skip 
memoizing this component/hook. However, you may see issues if values 
from this API are passed to other components/hooks that are memoized.

D:\Project WebApp\project-hrm\frontend\components\settings\master\Org
StructureDialogs.tsx:211:89
  209 |     }, [data, form, open]);
  210 |
> 211 |     const filteredDepartmentsLabels = departments.filter((d: 
Department) => d.kdBag === form.watch("kdBag"));
      |                                                              
                           ^^^^ React Hook Form's `useForm()` API 
returns a `watch()` function which cannot be memoized safely.
  212 |
  213 |     const onSubmit = async (values: z.infer<typeof 
sectionSchema>) => {
  214 |         try {  react-hooks/incompatible-library

./components/settings/MysqlOldDialog.tsx
45:48  Error: Unexpected any. Specify a different type.  
@typescript-eslint/no-explicit-any
117:18  Warning: 'error' is defined but never used.  
@typescript-eslint/no-unused-vars
150:18  Warning: 'error' is defined but never used.  
@typescript-eslint/no-unused-vars
165:8  Warning: React Hook useEffect has a missing dependency: 
'checkConnection'. Either include it or remove the dependency array. 
 react-hooks/exhaustive-deps
321:95  Error: Unexpected any. Specify a different type.  
@typescript-eslint/no-explicit-any

./components/settings/PayrollImportDialog.tsx
13:10  Warning: 'ScrollArea' is defined but never used.  
@typescript-eslint/no-unused-vars
35:40  Error: Unexpected any. Specify a different type.  
@typescript-eslint/no-explicit-any
46:18  Warning: 'error' is defined but never used.  
@typescript-eslint/no-unused-vars
104:25  Error: Unexpected any. Specify a different type.  
@typescript-eslint/no-explicit-any
222:82  Error: Unexpected any. Specify a different type.  
@typescript-eslint/no-explicit-any

./components/UserProfileDropdown.tsx
92:29  Warning: Using `<img>` could result in slower LCP and higher 
bandwidth. Consider using `<Image />` from `next/image` or a custom 
image loader to automatically optimize images. This may incur 
additional usage or cost from your provider. See: 
https://nextjs.org/docs/messages/no-img-element  
@next/next/no-img-element
142:41  Warning: Using `<img>` could result in slower LCP and higher 
bandwidth. Consider using `<Image />` from `next/image` or a custom 
image loader to automatically optimize images. This may incur 
additional usage or cost from your provider. See: 
https://nextjs.org/docs/messages/no-img-element  
@next/next/no-img-element

./lib/generatePayslipPDF.ts
5:11  Warning: 'PayslipData' is defined but never used.  
@typescript-eslint/no-unused-vars
44:42  Error: Unexpected any. Specify a different type.  
@typescript-eslint/no-explicit-any
96:17  Error: 'xOffset' is never reassigned. Use 'const' instead.  
prefer-const

./lib/menu-list.ts
15:3  Warning: 'MenuItem' is defined but never used.  
@typescript-eslint/no-unused-vars
16:3  Warning: 'SubmenuItem' is defined but never used.  
@typescript-eslint/no-unused-vars
45:11  Error: Use "@ts-expect-error" instead of "@ts-ignore", as 
"@ts-ignore" will do nothing if the following line is error-free.  
@typescript-eslint/ban-ts-comment
54:11  Error: Use "@ts-expect-error" instead of "@ts-ignore", as 
"@ts-ignore" will do nothing if the following line is error-free.  
@typescript-eslint/ban-ts-comment

info  - Need to disable some ESLint rules? Learn more here: https://n
extjs.org/docs/app/api-reference/config/eslint#disabling-rules
