components/employees/EmployeeDialog.tsx(61,9): error TS2322: Type 'Resolver<{ emplId: string; nama: string; nik?: string | null | undefined; idAbsen?: string | null | undefined; kdSex?: "LAKILAKI" | "PEREMPUAN" | undefined; email?: string | null | undefined; ... 25 more ...; kdOut?: boolean | undefined; }, any, { ...; }>' is not assignable to type 'Resolver<{ emplId: string; nama: string; kdSex: "LAKILAKI" | "PEREMPUAN"; kdSts: "AKTIF" | "TIDAK_AKTIF"; kdJns: "TETAP" | "KONTRAK" | "HARIAN"; pokokBln: number; tTransport: number; tMakan: number; ... 23 more ...; bankRekName?: string | ... 1 more ... | undefined; }, any, { ...; }>'.
  Types of parameters 'options' and 'options' are incompatible.
    Type 'ResolverOptions<{ emplId: string; nama: string; kdSex: "LAKILAKI" | "PEREMPUAN"; kdSts: "AKTIF" | "TIDAK_AKTIF"; kdJns: "TETAP" | "KONTRAK" | "HARIAN"; pokokBln: number; tTransport: number; tMakan: number; ... 23 more ...; bankRekName?: string | ... 1 more ... | undefined; }>' is not assignable to type 'ResolverOptions<{ emplId: string; nama: string; nik?: string | null | undefined; idAbsen?: string | null | undefined; kdSex?: "LAKILAKI" | "PEREMPUAN" | undefined; email?: string | null | undefined; ... 25 more ...; kdOut?: boolean | undefined; }>'.
      Type '"LAKILAKI" | "PEREMPUAN" | undefined' is not assignable to type '"LAKILAKI" | "PEREMPUAN"'.
        Type 'undefined' is not assignable to type '"LAKILAKI" | "PEREMPUAN"'.
components/employees/EmployeeDialog.tsx(219,55): error TS2345: Argument of type '(values: EmployeeFormValues) => Promise<void>' is not assignable to parameter of type 'SubmitHandler<TFieldValues>'.
  Types of parameters 'values' and 'data' are incompatible.
    Type 'TFieldValues' is not assignable to type '{ emplId: string; nama: string; kdSex: "LAKILAKI" | "PEREMPUAN"; kdSts: "AKTIF" | "TIDAK_AKTIF"; kdJns: "TETAP" | "KONTRAK" | "HARIAN"; pokokBln: number; tTransport: number; tMakan: number; ... 23 more ...; bankRekName?: string | ... 1 more ... | undefined; }'.
      Type 'FieldValues' is missing the following properties from type '{ emplId: string; nama: string; kdSex: "LAKILAKI" | "PEREMPUAN"; kdSts: "AKTIF" | "TIDAK_AKTIF"; kdJns: "TETAP" | "KONTRAK" | "HARIAN"; pokokBln: number; tTransport: number; tMakan: number; ... 23 more ...; bankRekName?: string | ... 1 more ... | undefined; }': emplId, nama, kdSex, kdSts, and 13 more.
components/employees/EmployeeDialog.tsx(242,45): error TS2322: Type 'Control<{ emplId: string; nama: string; kdSex: "LAKILAKI" | "PEREMPUAN"; kdSts: "AKTIF" | "TIDAK_AKTIF"; kdJns: "TETAP" | "KONTRAK" | "HARIAN"; pokokBln: number; tTransport: number; tMakan: number; ... 23 more ...; bankRekName?: string | ... 1 more ... | undefined; }, any, TFieldValues>' is not assignable to type 'Control<{ emplId: string; nama: string; kdSex: "LAKILAKI" | "PEREMPUAN"; kdSts: "AKTIF" | "TIDAK_AKTIF"; kdJns: "TETAP" | "KONTRAK" | "HARIAN"; pokokBln: number; tTransport: number; tMakan: number; ... 23 more ...; bankRekName?: string | ... 1 more ... | undefined; }, any, { ...; }>'.
  The types of '_options.resolver' are incompatible between these types.
    Type 'Resolver<{ emplId: string; nama: string; kdSex: "LAKILAKI" | "PEREMPUAN"; kdSts: "AKTIF" | "TIDAK_AKTIF"; kdJns: "TETAP" | "KONTRAK" | "HARIAN"; pokokBln: number; tTransport: number; tMakan: number; ... 23 more ...; bankRekName?: string | ... 1 more ... | undefined; }, any, TFieldValues> | undefined' is not assignable to type 'Resolver<{ emplId: string; nama: string; kdSex: "LAKILAKI" | "PEREMPUAN"; kdSts: "AKTIF" | "TIDAK_AKTIF"; kdJns: "TETAP" | "KONTRAK" | "HARIAN"; pokokBln: number; tTransport: number; tMakan: number; ... 23 more ...; bankRekName?: string | ... 1 more ... | undefined; }, any, { ...; }> | undefined'.
      Type 'Resolver<{ emplId: string; nama: string; kdSex: "LAKILAKI" | "PEREMPUAN"; kdSts: "AKTIF" | "TIDAK_AKTIF"; kdJns: "TETAP" | "KONTRAK" | "HARIAN"; pokokBln: number; tTransport: number; tMakan: number; ... 23 more ...; bankRekName?: string | ... 1 more ... | undefined; }, any, TFieldValues>' is not assignable to type 'Resolver<{ emplId: string; nama: string; kdSex: "LAKILAKI" | "PEREMPUAN"; kdSts: "AKTIF" | "TIDAK_AKTIF"; kdJns: "TETAP" | "KONTRAK" | "HARIAN"; pokokBln: number; tTransport: number; tMakan: number; ... 23 more ...; bankRekName?: string | ... 1 more ... | undefined; }, any, { ...; }>'.
        Type 'ResolverResult<{ emplId: string; nama: string; kdSex: "LAKILAKI" | "PEREMPUAN"; kdSts: "AKTIF" | "TIDAK_AKTIF"; kdJns: "TETAP" | "KONTRAK" | "HARIAN"; pokokBln: number; tTransport: number; tMakan: number; ... 23 more ...; bankRekName?: string | ... 1 more ... | undefined; }, TFieldValues> | Promise<...>' is not assignable to type 'ResolverResult<{ emplId: string; nama: string; kdSex: "LAKILAKI" | "PEREMPUAN"; kdSts: "AKTIF" | "TIDAK_AKTIF"; kdJns: "TETAP" | "KONTRAK" | "HARIAN"; pokokBln: number; tTransport: number; tMakan: number; ... 23 more ...; bankRekName?: string | ... 1 more ... | undefined; }, { ...; }> | Promise<...>'.
          Type 'ResolverSuccess<TFieldValues>' is not assignable to type 'ResolverResult<{ emplId: string; nama: string; kdSex: "LAKILAKI" | "PEREMPUAN"; kdSts: "AKTIF" | "TIDAK_AKTIF"; kdJns: "TETAP" | "KONTRAK" | "HARIAN"; pokokBln: number; tTransport: number; tMakan: number; ... 23 more ...; bankRekName?: string | ... 1 more ... | undefined; }, { ...; }> | Promise<...>'.
            Type 'ResolverSuccess<TFieldValues>' is not assignable to type 'ResolverSuccess<{ emplId: string; nama: string; kdSex: "LAKILAKI" | "PEREMPUAN"; kdSts: "AKTIF" | "TIDAK_AKTIF"; kdJns: "TETAP" | "KONTRAK" | "HARIAN"; pokokBln: number; tTransport: number; tMakan: number; ... 23 more ...; bankRekName?: string | ... 1 more ... | undefined; }>'.
              Type 'TFieldValues' is not assignable to type '{ emplId: string; nama: string; kdSex: "LAKILAKI" | "PEREMPUAN"; kdSts: "AKTIF" | "TIDAK_AKTIF"; kdJns: "TETAP" | "KONTRAK" | "HARIAN"; pokokBln: number; tTransport: number; tMakan: number; ... 23 more ...; bankRekName?: string | ... 1 more ... | undefined; }'.
                Type 'FieldValues' is missing the following properties from type '{ emplId: string; nama: string; kdSex: "LAKILAKI" | "PEREMPUAN"; kdSts: "AKTIF" | "TIDAK_AKTIF"; kdJns: "TETAP" | "KONTRAK" | "HARIAN"; pokokBln: number; tTransport: number; tMakan: number; ... 23 more ...; bankRekName?: string | ... 1 more ... | undefined; }': emplId, nama, kdSex, kdSts, and 13 more.
components/employees/EmployeeDialog.tsx(258,45): error TS2322: Type 'Control<{ emplId: string; nama: string; kdSex: "LAKILAKI" | "PEREMPUAN"; kdSts: "AKTIF" | "TIDAK_AKTIF"; kdJns: "TETAP" | "KONTRAK" | "HARIAN"; pokokBln: number; tTransport: number; tMakan: number; ... 23 more ...; bankRekName?: string | ... 1 more ... | undefined; }, any, TFieldValues>' is not assignable to type 'Control<{ emplId: string; nama: string; kdSex: "LAKILAKI" | "PEREMPUAN"; kdSts: "AKTIF" | "TIDAK_AKTIF"; kdJns: "TETAP" | "KONTRAK" | "HARIAN"; pokokBln: number; tTransport: number; tMakan: number; ... 23 more ...; bankRekName?: string | ... 1 more ... | undefined; }, any, { ...; }>'.
  The types of '_options.resolver' are incompatible between these types.
    Type 'Resolver<{ emplId: string; nama: string; kdSex: "LAKILAKI" | "PEREMPUAN"; kdSts: "AKTIF" | "TIDAK_AKTIF"; kdJns: "TETAP" | "KONTRAK" | "HARIAN"; pokokBln: number; tTransport: number; tMakan: number; ... 23 more ...; bankRekName?: string | ... 1 more ... | undefined; }, any, TFieldValues> | undefined' is not assignable to type 'Resolver<{ emplId: string; nama: string; kdSex: "LAKILAKI" | "PEREMPUAN"; kdSts: "AKTIF" | "TIDAK_AKTIF"; kdJns: "TETAP" | "KONTRAK" | "HARIAN"; pokokBln: number; tTransport: number; tMakan: number; ... 23 more ...; bankRekName?: string | ... 1 more ... | undefined; }, any, { ...; }> | undefined'.
      Type 'Resolver<{ emplId: string; nama: string; kdSex: "LAKILAKI" | "PEREMPUAN"; kdSts: "AKTIF" | "TIDAK_AKTIF"; kdJns: "TETAP" | "KONTRAK" | "HARIAN"; pokokBln: number; tTransport: number; tMakan: number; ... 23 more ...; bankRekName?: string | ... 1 more ... | undefined; }, any, TFieldValues>' is not assignable to type 'Resolver<{ emplId: string; nama: string; kdSex: "LAKILAKI" | "PEREMPUAN"; kdSts: "AKTIF" | "TIDAK_AKTIF"; kdJns: "TETAP" | "KONTRAK" | "HARIAN"; pokokBln: number; tTransport: number; tMakan: number; ... 23 more ...; bankRekName?: string | ... 1 more ... | undefined; }, any, { ...; }>'.
        Type 'ResolverResult<{ emplId: string; nama: string; kdSex: "LAKILAKI" | "PEREMPUAN"; kdSts: "AKTIF" | "TIDAK_AKTIF"; kdJns: "TETAP" | "KONTRAK" | "HARIAN"; pokokBln: number; tTransport: number; tMakan: number; ... 23 more ...; bankRekName?: string | ... 1 more ... | undefined; }, TFieldValues> | Promise<...>' is not assignable to type 'ResolverResult<{ emplId: string; nama: string; kdSex: "LAKILAKI" | "PEREMPUAN"; kdSts: "AKTIF" | "TIDAK_AKTIF"; kdJns: "TETAP" | "KONTRAK" | "HARIAN"; pokokBln: number; tTransport: number; tMakan: number; ... 23 more ...; bankRekName?: string | ... 1 more ... | undefined; }, { ...; }> | Promise<...>'.
          Type 'ResolverSuccess<TFieldValues>' is not assignable to type 'ResolverResult<{ emplId: string; nama: string; kdSex: "LAKILAKI" | "PEREMPUAN"; kdSts: "AKTIF" | "TIDAK_AKTIF"; kdJns: "TETAP" | "KONTRAK" | "HARIAN"; pokokBln: number; tTransport: number; tMakan: number; ... 23 more ...; bankRekName?: string | ... 1 more ... | undefined; }, { ...; }> | Promise<...>'.
            Type 'ResolverSuccess<TFieldValues>' is not assignable to type 'ResolverSuccess<{ emplId: string; nama: string; kdSex: "LAKILAKI" | "PEREMPUAN"; kdSts: "AKTIF" | "TIDAK_AKTIF"; kdJns: "TETAP" | "KONTRAK" | "HARIAN"; pokokBln: number; tTransport: number; tMakan: number; ... 23 more ...; bankRekName?: string | ... 1 more ... | undefined; }>'.
              Type 'TFieldValues' is not assignable to type '{ emplId: string; nama: string; kdSex: "LAKILAKI" | "PEREMPUAN"; kdSts: "AKTIF" | "TIDAK_AKTIF"; kdJns: "TETAP" | "KONTRAK" | "HARIAN"; pokokBln: number; tTransport: number; tMakan: number; ... 23 more ...; bankRekName?: string | ... 1 more ... | undefined; }'.
                Type 'FieldValues' is missing the following properties from type '{ emplId: string; nama: string; kdSex: "LAKILAKI" | "PEREMPUAN"; kdSts: "AKTIF" | "TIDAK_AKTIF"; kdJns: "TETAP" | "KONTRAK" | "HARIAN"; pokokBln: number; tTransport: number; tMakan: number; ... 23 more ...; bankRekName?: string | ... 1 more ... | undefined; }': emplId, nama, kdSex, kdSts, and 13 more.
components/employees/EmployeeDialog.tsx(274,45): error TS2322: Type 'Control<{ emplId: string; nama: string; kdSex: "LAKILAKI" | "PEREMPUAN"; kdSts: "AKTIF" | "TIDAK_AKTIF"; kdJns: "TETAP" | "KONTRAK" | "HARIAN"; pokokBln: number; tTransport: number; tMakan: number; ... 23 more ...; bankRekName?: string | ... 1 more ... | undefined; }, any, TFieldValues>' is not assignable to type 'Control<{ emplId: string; nama: string; kdSex: "LAKILAKI" | "PEREMPUAN"; kdSts: "AKTIF" | "TIDAK_AKTIF"; kdJns: "TETAP" | "KONTRAK" | "HARIAN"; pokokBln: number; tTransport: number; tMakan: number; ... 23 more ...; bankRekName?: string | ... 1 more ... | undefined; }, any, { ...; }>'.
  The types of '_options.resolver' are incompatible between these types.
    Type 'Resolver<{ emplId: string; nama: string; kdSex: "LAKILAKI" | "PEREMPUAN"; kdSts: "AKTIF" | "TIDAK_AKTIF"; kdJns: "TETAP" | "KONTRAK" | "HARIAN"; pokokBln: number; tTransport: number; tMakan: number; ... 23 more ...; bankRekName?: string | ... 1 more ... | undefined; }, any, TFieldValues> | undefined' is not assignable to type 'Resolver<{ emplId: string; nama: string; kdSex: "LAKILAKI" | "PEREMPUAN"; kdSts: "AKTIF" | "TIDAK_AKTIF"; kdJns: "TETAP" | "KONTRAK" | "HARIAN"; pokokBln: number; tTransport: number; tMakan: number; ... 23 more ...; bankRekName?: string | ... 1 more ... | undefined; }, any, { ...; }> | undefined'.
      Type 'Resolver<{ emplId: string; nama: string; kdSex: "LAKILAKI" | "PEREMPUAN"; kdSts: "AKTIF" | "TIDAK_AKTIF"; kdJns: "TETAP" | "KONTRAK" | "HARIAN"; pokokBln: number; tTransport: number; tMakan: number; ... 23 more ...; bankRekName?: string | ... 1 more ... | undefined; }, any, TFieldValues>' is not assignable to type 'Resolver<{ emplId: string; nama: string; kdSex: "LAKILAKI" | "PEREMPUAN"; kdSts: "AKTIF" | "TIDAK_AKTIF"; kdJns: "TETAP" | "KONTRAK" | "HARIAN"; pokokBln: number; tTransport: number; tMakan: number; ... 23 more ...; bankRekName?: string | ... 1 more ... | undefined; }, any, { ...; }>'.
        Type 'ResolverResult<{ emplId: string; nama: string; kdSex: "LAKILAKI" | "PEREMPUAN"; kdSts: "AKTIF" | "TIDAK_AKTIF"; kdJns: "TETAP" | "KONTRAK" | "HARIAN"; pokokBln: number; tTransport: number; tMakan: number; ... 23 more ...; bankRekName?: string | ... 1 more ... | undefined; }, TFieldValues> | Promise<...>' is not assignable to type 'ResolverResult<{ emplId: string; nama: string; kdSex: "LAKILAKI" | "PEREMPUAN"; kdSts: "AKTIF" | "TIDAK_AKTIF"; kdJns: "TETAP" | "KONTRAK" | "HARIAN"; pokokBln: number; tTransport: number; tMakan: number; ... 23 more ...; bankRekName?: string | ... 1 more ... | undefined; }, { ...; }> | Promise<...>'.
          Type 'ResolverSuccess<TFieldValues>' is not assignable to type 'ResolverResult<{ emplId: string; nama: string; kdSex: "LAKILAKI" | "PEREMPUAN"; kdSts: "AKTIF" | "TIDAK_AKTIF"; kdJns: "TETAP" | "KONTRAK" | "HARIAN"; pokokBln: number; tTransport: number; tMakan: number; ... 23 more ...; bankRekName?: string | ... 1 more ... | undefined; }, { ...; }> | Promise<...>'.
            Type 'ResolverSuccess<TFieldValues>' is not assignable to type 'ResolverSuccess<{ emplId: string; nama: string; kdSex: "LAKILAKI" | "PEREMPUAN"; kdSts: "AKTIF" | "TIDAK_AKTIF"; kdJns: "TETAP" | "KONTRAK" | "HARIAN"; pokokBln: number; tTransport: number; tMakan: number; ... 23 more ...; bankRekName?: string | ... 1 more ... | undefined; }>'.
              Type 'TFieldValues' is not assignable to type '{ emplId: string; nama: string; kdSex: "LAKILAKI" | "PEREMPUAN"; kdSts: "AKTIF" | "TIDAK_AKTIF"; kdJns: "TETAP" | "KONTRAK" | "HARIAN"; pokokBln: number; tTransport: number; tMakan: number; ... 23 more ...; bankRekName?: string | ... 1 more ... | undefined; }'.
                Type 'FieldValues' is missing the following properties from type '{ emplId: string; nama: string; kdSex: "LAKILAKI" | "PEREMPUAN"; kdSts: "AKTIF" | "TIDAK_AKTIF"; kdJns: "TETAP" | "KONTRAK" | "HARIAN"; pokokBln: number; tTransport: number; tMakan: number; ... 23 more ...; bankRekName?: string | ... 1 more ... | undefined; }': emplId, nama, kdSex, kdSts, and 13 more.
components/employees/EmployeeDialog.tsx(292,41): error TS2322: Type 'Control<{ emplId: string; nama: string; kdSex: "LAKILAKI" | "PEREMPUAN"; kdSts: "AKTIF" | "TIDAK_AKTIF"; kdJns: "TETAP" | "KONTRAK" | "HARIAN"; pokokBln: number; tTransport: number; tMakan: number; ... 23 more ...; bankRekName?: string | ... 1 more ... | undefined; }, any, TFieldValues>' is not assignable to type 'Control<{ emplId: string; nama: string; kdSex: "LAKILAKI" | "PEREMPUAN"; kdSts: "AKTIF" | "TIDAK_AKTIF"; kdJns: "TETAP" | "KONTRAK" | "HARIAN"; pokokBln: number; tTransport: number; tMakan: number; ... 23 more ...; bankRekName?: string | ... 1 more ... | undefined; }, any, { ...; }>'.
  The types of '_options.resolver' are incompatible between these types.
    Type 'Resolver<{ emplId: string; nama: string; kdSex: "LAKILAKI" | "PEREMPUAN"; kdSts: "AKTIF" | "TIDAK_AKTIF"; kdJns: "TETAP" | "KONTRAK" | "HARIAN"; pokokBln: number; tTransport: number; tMakan: number; ... 23 more ...; bankRekName?: string | ... 1 more ... | undefined; }, any, TFieldValues> | undefined' is not assignable to type 'Resolver<{ emplId: string; nama: string; kdSex: "LAKILAKI" | "PEREMPUAN"; kdSts: "AKTIF" | "TIDAK_AKTIF"; kdJns: "TETAP" | "KONTRAK" | "HARIAN"; pokokBln: number; tTransport: number; tMakan: number; ... 23 more ...; bankRekName?: string | ... 1 more ... | undefined; }, any, { ...; }> | undefined'.
      Type 'Resolver<{ emplId: string; nama: string; kdSex: "LAKILAKI" | "PEREMPUAN"; kdSts: "AKTIF" | "TIDAK_AKTIF"; kdJns: "TETAP" | "KONTRAK" | "HARIAN"; pokokBln: number; tTransport: number; tMakan: number; ... 23 more ...; bankRekName?: string | ... 1 more ... | undefined; }, any, TFieldValues>' is not assignable to type 'Resolver<{ emplId: string; nama: string; kdSex: "LAKILAKI" | "PEREMPUAN"; kdSts: "AKTIF" | "TIDAK_AKTIF"; kdJns: "TETAP" | "KONTRAK" | "HARIAN"; pokokBln: number; tTransport: number; tMakan: number; ... 23 more ...; bankRekName?: string | ... 1 more ... | undefined; }, any, { ...; }>'.
        Type 'ResolverResult<{ emplId: string; nama: string; kdSex: "LAKILAKI" | "PEREMPUAN"; kdSts: "AKTIF" | "TIDAK_AKTIF"; kdJns: "TETAP" | "KONTRAK" | "HARIAN"; pokokBln: number; tTransport: number; tMakan: number; ... 23 more ...; bankRekName?: string | ... 1 more ... | undefined; }, TFieldValues> | Promise<...>' is not assignable to type 'ResolverResult<{ emplId: string; nama: string; kdSex: "LAKILAKI" | "PEREMPUAN"; kdSts: "AKTIF" | "TIDAK_AKTIF"; kdJns: "TETAP" | "KONTRAK" | "HARIAN"; pokokBln: number; tTransport: number; tMakan: number; ... 23 more ...; bankRekName?: string | ... 1 more ... | undefined; }, { ...; }> | Promise<...>'.
          Type 'ResolverSuccess<TFieldValues>' is not assignable to type 'ResolverResult<{ emplId: string; nama: string; kdSex: "LAKILAKI" | "PEREMPUAN"; kdSts: "AKTIF" | "TIDAK_AKTIF"; kdJns: "TETAP" | "KONTRAK" | "HARIAN"; pokokBln: number; tTransport: number; tMakan: number; ... 23 more ...; bankRekName?: string | ... 1 more ... | undefined; }, { ...; }> | Promise<...>'.
            Type 'ResolverSuccess<TFieldValues>' is not assignable to type 'ResolverSuccess<{ emplId: string; nama: string; kdSex: "LAKILAKI" | "PEREMPUAN"; kdSts: "AKTIF" | "TIDAK_AKTIF"; kdJns: "TETAP" | "KONTRAK" | "HARIAN"; pokokBln: number; tTransport: number; tMakan: number; ... 23 more ...; bankRekName?: string | ... 1 more ... | undefined; }>'.
              Type 'TFieldValues' is not assignable to type '{ emplId: string; nama: string; kdSex: "LAKILAKI" | "PEREMPUAN"; kdSts: "AKTIF" | "TIDAK_AKTIF"; kdJns: "TETAP" | "KONTRAK" | "HARIAN"; pokokBln: number; tTransport: number; tMakan: number; ... 23 more ...; bankRekName?: string | ... 1 more ... | undefined; }'.
                Type 'FieldValues' is missing the following properties from type '{ emplId: string; nama: string; kdSex: "LAKILAKI" | "PEREMPUAN"; kdSts: "AKTIF" | "TIDAK_AKTIF"; kdJns: "TETAP" | "KONTRAK" | "HARIAN"; pokokBln: number; tTransport: number; tMakan: number; ... 23 more ...; bankRekName?: string | ... 1 more ... | undefined; }': emplId, nama, kdSex, kdSts, and 13 more.
components/employees/EmployeeDialog.tsx(310,45): error TS2322: Type 'Control<{ emplId: string; nama: string; kdSex: "LAKILAKI" | "PEREMPUAN"; kdSts: "AKTIF" | "TIDAK_AKTIF"; kdJns: "TETAP" | "KONTRAK" | "HARIAN"; pokokBln: number; tTransport: number; tMakan: number; ... 23 more ...; bankRekName?: string | ... 1 more ... | undefined; }, any, TFieldValues>' is not assignable to type 'Control<{ emplId: string; nama: string; kdSex: "LAKILAKI" | "PEREMPUAN"; kdSts: "AKTIF" | "TIDAK_AKTIF"; kdJns: "TETAP" | "KONTRAK" | "HARIAN"; pokokBln: number; tTransport: number; tMakan: number; ... 23 more ...; bankRekName?: string | ... 1 more ... | undefined; }, any, { ...; }>'.
  The types of '_options.resolver' are incompatible between these types.
    Type 'Resolver<{ emplId: string; nama: string; kdSex: "LAKILAKI" | "PEREMPUAN"; kdSts: "AKTIF" | "TIDAK_AKTIF"; kdJns: "TETAP" | "KONTRAK" | "HARIAN"; pokokBln: number; tTransport: number; tMakan: number; ... 23 more ...; bankRekName?: string | ... 1 more ... | undefined; }, any, TFieldValues> | undefined' is not assignable to type 'Resolver<{ emplId: string; nama: string; kdSex: "LAKILAKI" | "PEREMPUAN"; kdSts: "AKTIF" | "TIDAK_AKTIF"; kdJns: "TETAP" | "KONTRAK" | "HARIAN"; pokokBln: number; tTransport: number; tMakan: number; ... 23 more ...; bankRekName?: string | ... 1 more ... | undefined; }, any, { ...; }> | undefined'.
      Type 'Resolver<{ emplId: string; nama: string; kdSex: "LAKILAKI" | "PEREMPUAN"; kdSts: "AKTIF" | "TIDAK_AKTIF"; kdJns: "TETAP" | "KONTRAK" | "HARIAN"; pokokBln: number; tTransport: number; tMakan: number; ... 23 more ...; bankRekName?: string | ... 1 more ... | undefined; }, any, TFieldValues>' is not assignable to type 'Resolver<{ emplId: string; nama: string; kdSex: "LAKILAKI" | "PEREMPUAN"; kdSts: "AKTIF" | "TIDAK_AKTIF"; kdJns: "TETAP" | "KONTRAK" | "HARIAN"; pokokBln: number; tTransport: number; tMakan: number; ... 23 more ...; bankRekName?: string | ... 1 more ... | undefined; }, any, { ...; }>'.
        Type 'ResolverResult<{ emplId: string; nama: string; kdSex: "LAKILAKI" | "PEREMPUAN"; kdSts: "AKTIF" | "TIDAK_AKTIF"; kdJns: "TETAP" | "KONTRAK" | "HARIAN"; pokokBln: number; tTransport: number; tMakan: number; ... 23 more ...; bankRekName?: string | ... 1 more ... | undefined; }, TFieldValues> | Promise<...>' is not assignable to type 'ResolverResult<{ emplId: string; nama: string; kdSex: "LAKILAKI" | "PEREMPUAN"; kdSts: "AKTIF" | "TIDAK_AKTIF"; kdJns: "TETAP" | "KONTRAK" | "HARIAN"; pokokBln: number; tTransport: number; tMakan: number; ... 23 more ...; bankRekName?: string | ... 1 more ... | undefined; }, { ...; }> | Promise<...>'.
          Type 'ResolverSuccess<TFieldValues>' is not assignable to type 'ResolverResult<{ emplId: string; nama: string; kdSex: "LAKILAKI" | "PEREMPUAN"; kdSts: "AKTIF" | "TIDAK_AKTIF"; kdJns: "TETAP" | "KONTRAK" | "HARIAN"; pokokBln: number; tTransport: number; tMakan: number; ... 23 more ...; bankRekName?: string | ... 1 more ... | undefined; }, { ...; }> | Promise<...>'.
            Type 'ResolverSuccess<TFieldValues>' is not assignable to type 'ResolverSuccess<{ emplId: string; nama: string; kdSex: "LAKILAKI" | "PEREMPUAN"; kdSts: "AKTIF" | "TIDAK_AKTIF"; kdJns: "TETAP" | "KONTRAK" | "HARIAN"; pokokBln: number; tTransport: number; tMakan: number; ... 23 more ...; bankRekName?: string | ... 1 more ... | undefined; }>'.
              Type 'TFieldValues' is not assignable to type '{ emplId: string; nama: string; kdSex: "LAKILAKI" | "PEREMPUAN"; kdSts: "AKTIF" | "TIDAK_AKTIF"; kdJns: "TETAP" | "KONTRAK" | "HARIAN"; pokokBln: number; tTransport: number; tMakan: number; ... 23 more ...; bankRekName?: string | ... 1 more ... | undefined; }'.
                Type 'FieldValues' is missing the following properties from type '{ emplId: string; nama: string; kdSex: "LAKILAKI" | "PEREMPUAN"; kdSts: "AKTIF" | "TIDAK_AKTIF"; kdJns: "TETAP" | "KONTRAK" | "HARIAN"; pokokBln: number; tTransport: number; tMakan: number; ... 23 more ...; bankRekName?: string | ... 1 more ... | undefined; }': emplId, nama, kdSex, kdSts, and 13 more.
components/employees/EmployeeDialog.tsx(326,45): error TS2322: Type 'Control<{ emplId: string; nama: string; kdSex: "LAKILAKI" | "PEREMPUAN"; kdSts: "AKTIF" | "TIDAK_AKTIF"; kdJns: "TETAP" | "KONTRAK" | "HARIAN"; pokokBln: number; tTransport: number; tMakan: number; ... 23 more ...; bankRekName?: string | ... 1 more ... | undefined; }, any, TFieldValues>' is not assignable to type 'Control<{ emplId: string; nama: string; kdSex: "LAKILAKI" | "PEREMPUAN"; kdSts: "AKTIF" | "TIDAK_AKTIF"; kdJns: "TETAP" | "KONTRAK" | "HARIAN"; pokokBln: number; tTransport: number; tMakan: number; ... 23 more ...; bankRekName?: string | ... 1 more ... | undefined; }, any, { ...; }>'.
  The types of '_options.resolver' are incompatible between these types.
    Type 'Resolver<{ emplId: string; nama: string; kdSex: "LAKILAKI" | "PEREMPUAN"; kdSts: "AKTIF" | "TIDAK_AKTIF"; kdJns: "TETAP" | "KONTRAK" | "HARIAN"; pokokBln: number; tTransport: number; tMakan: number; ... 23 more ...; bankRekName?: string | ... 1 more ... | undefined; }, any, TFieldValues> | undefined' is not assignable to type 'Resolver<{ emplId: string; nama: string; kdSex: "LAKILAKI" | "PEREMPUAN"; kdSts: "AKTIF" | "TIDAK_AKTIF"; kdJns: "TETAP" | "KONTRAK" | "HARIAN"; pokokBln: number; tTransport: number; tMakan: number; ... 23 more ...; bankRekName?: string | ... 1 more ... | undefined; }, any, { ...; }> | undefined'.
      Type 'Resolver<{ emplId: string; nama: string; kdSex: "LAKILAKI" | "PEREMPUAN"; kdSts: "AKTIF" | "TIDAK_AKTIF"; kdJns: "TETAP" | "KONTRAK" | "HARIAN"; pokokBln: number; tTransport: number; tMakan: number; ... 23 more ...; bankRekName?: string | ... 1 more ... | undefined; }, any, TFieldValues>' is not assignable to type 'Resolver<{ emplId: string; nama: string; kdSex: "LAKILAKI" | "PEREMPUAN"; kdSts: "AKTIF" | "TIDAK_AKTIF"; kdJns: "TETAP" | "KONTRAK" | "HARIAN"; pokokBln: number; tTransport: number; tMakan: number; ... 23 more ...; bankRekName?: string | ... 1 more ... | undefined; }, any, { ...; }>'.
        Type 'ResolverResult<{ emplId: string; nama: string; kdSex: "LAKILAKI" | "PEREMPUAN"; kdSts: "AKTIF" | "TIDAK_AKTIF"; kdJns: "TETAP" | "KONTRAK" | "HARIAN"; pokokBln: number; tTransport: number; tMakan: number; ... 23 more ...; bankRekName?: string | ... 1 more ... | undefined; }, TFieldValues> | Promise<...>' is not assignable to type 'ResolverResult<{ emplId: string; nama: string; kdSex: "LAKILAKI" | "PEREMPUAN"; kdSts: "AKTIF" | "TIDAK_AKTIF"; kdJns: "TETAP" | "KONTRAK" | "HARIAN"; pokokBln: number; tTransport: number; tMakan: number; ... 23 more ...; bankRekName?: string | ... 1 more ... | undefined; }, { ...; }> | Promise<...>'.
          Type 'ResolverSuccess<TFieldValues>' is not assignable to type 'ResolverResult<{ emplId: string; nama: string; kdSex: "LAKILAKI" | "PEREMPUAN"; kdSts: "AKTIF" | "TIDAK_AKTIF"; kdJns: "TETAP" | "KONTRAK" | "HARIAN"; pokokBln: number; tTransport: number; tMakan: number; ... 23 more ...; bankRekName?: string | ... 1 more ... | undefined; }, { ...; }> | Promise<...>'.
            Type 'ResolverSuccess<TFieldValues>' is not assignable to type 'ResolverSuccess<{ emplId: string; nama: string; kdSex: "LAKILAKI" | "PEREMPUAN"; kdSts: "AKTIF" | "TIDAK_AKTIF"; kdJns: "TETAP" | "KONTRAK" | "HARIAN"; pokokBln: number; tTransport: number; tMakan: number; ... 23 more ...; bankRekName?: string | ... 1 more ... | undefined; }>'.
              Type 'TFieldValues' is not assignable to type '{ emplId: string; nama: string; kdSex: "LAKILAKI" | "PEREMPUAN"; kdSts: "AKTIF" | "TIDAK_AKTIF"; kdJns: "TETAP" | "KONTRAK" | "HARIAN"; pokokBln: number; tTransport: number; tMakan: number; ... 23 more ...; bankRekName?: string | ... 1 more ... | undefined; }'.
                Type 'FieldValues' is missing the following properties from type '{ emplId: string; nama: string; kdSex: "LAKILAKI" | "PEREMPUAN"; kdSts: "AKTIF" | "TIDAK_AKTIF"; kdJns: "TETAP" | "KONTRAK" | "HARIAN"; pokokBln: number; tTransport: number; tMakan: number; ... 23 more ...; bankRekName?: string | ... 1 more ... | undefined; }': emplId, nama, kdSex, kdSts, and 13 more.
components/employees/EmployeeDialog.tsx(345,45): error TS2322: Type 'Control<{ emplId: string; nama: string; kdSex: "LAKILAKI" | "PEREMPUAN"; kdSts: "AKTIF" | "TIDAK_AKTIF"; kdJns: "TETAP" | "KONTRAK" | "HARIAN"; pokokBln: number; tTransport: number; tMakan: number; ... 23 more ...; bankRekName?: string | ... 1 more ... | undefined; }, any, TFieldValues>' is not assignable to type 'Control<{ emplId: string; nama: string; kdSex: "LAKILAKI" | "PEREMPUAN"; kdSts: "AKTIF" | "TIDAK_AKTIF"; kdJns: "TETAP" | "KONTRAK" | "HARIAN"; pokokBln: number; tTransport: number; tMakan: number; ... 23 more ...; bankRekName?: string | ... 1 more ... | undefined; }, any, { ...; }>'.
  The types of '_options.resolver' are incompatible between these types.
    Type 'Resolver<{ emplId: string; nama: string; kdSex: "LAKILAKI" | "PEREMPUAN"; kdSts: "AKTIF" | "TIDAK_AKTIF"; kdJns: "TETAP" | "KONTRAK" | "HARIAN"; pokokBln: number; tTransport: number; tMakan: number; ... 23 more ...; bankRekName?: string | ... 1 more ... | undefined; }, any, TFieldValues> | undefined' is not assignable to type 'Resolver<{ emplId: string; nama: string; kdSex: "LAKILAKI" | "PEREMPUAN"; kdSts: "AKTIF" | "TIDAK_AKTIF"; kdJns: "TETAP" | "KONTRAK" | "HARIAN"; pokokBln: number; tTransport: number; tMakan: number; ... 23 more ...; bankRekName?: string | ... 1 more ... | undefined; }, any, { ...; }> | undefined'.
      Type 'Resolver<{ emplId: string; nama: string; kdSex: "LAKILAKI" | "PEREMPUAN"; kdSts: "AKTIF" | "TIDAK_AKTIF"; kdJns: "TETAP" | "KONTRAK" | "HARIAN"; pokokBln: number; tTransport: number; tMakan: number; ... 23 more ...; bankRekName?: string | ... 1 more ... | undefined; }, any, TFieldValues>' is not assignable to type 'Resolver<{ emplId: string; nama: string; kdSex: "LAKILAKI" | "PEREMPUAN"; kdSts: "AKTIF" | "TIDAK_AKTIF"; kdJns: "TETAP" | "KONTRAK" | "HARIAN"; pokokBln: number; tTransport: number; tMakan: number; ... 23 more ...; bankRekName?: string | ... 1 more ... | undefined; }, any, { ...; }>'.
        Type 'ResolverResult<{ emplId: string; nama: string; kdSex: "LAKILAKI" | "PEREMPUAN"; kdSts: "AKTIF" | "TIDAK_AKTIF"; kdJns: "TETAP" | "KONTRAK" | "HARIAN"; pokokBln: number; tTransport: number; tMakan: number; ... 23 more ...; bankRekName?: string | ... 1 more ... | undefined; }, TFieldValues> | Promise<...>' is not assignable to type 'ResolverResult<{ emplId: string; nama: string; kdSex: "LAKILAKI" | "PEREMPUAN"; kdSts: "AKTIF" | "TIDAK_AKTIF"; kdJns: "TETAP" | "KONTRAK" | "HARIAN"; pokokBln: number; tTransport: number; tMakan: number; ... 23 more ...; bankRekName?: string | ... 1 more ... | undefined; }, { ...; }> | Promise<...>'.
          Type 'ResolverSuccess<TFieldValues>' is not assignable to type 'ResolverResult<{ emplId: string; nama: string; kdSex: "LAKILAKI" | "PEREMPUAN"; kdSts: "AKTIF" | "TIDAK_AKTIF"; kdJns: "TETAP" | "KONTRAK" | "HARIAN"; pokokBln: number; tTransport: number; tMakan: number; ... 23 more ...; bankRekName?: string | ... 1 more ... | undefined; }, { ...; }> | Promise<...>'.
            Type 'ResolverSuccess<TFieldValues>' is not assignable to type 'ResolverSuccess<{ emplId: string; nama: string; kdSex: "LAKILAKI" | "PEREMPUAN"; kdSts: "AKTIF" | "TIDAK_AKTIF"; kdJns: "TETAP" | "KONTRAK" | "HARIAN"; pokokBln: number; tTransport: number; tMakan: number; ... 23 more ...; bankRekName?: string | ... 1 more ... | undefined; }>'.
              Type 'TFieldValues' is not assignable to type '{ emplId: string; nama: string; kdSex: "LAKILAKI" | "PEREMPUAN"; kdSts: "AKTIF" | "TIDAK_AKTIF"; kdJns: "TETAP" | "KONTRAK" | "HARIAN"; pokokBln: number; tTransport: number; tMakan: number; ... 23 more ...; bankRekName?: string | ... 1 more ... | undefined; }'.
                Type 'FieldValues' is missing the following properties from type '{ emplId: string; nama: string; kdSex: "LAKILAKI" | "PEREMPUAN"; kdSts: "AKTIF" | "TIDAK_AKTIF"; kdJns: "TETAP" | "KONTRAK" | "HARIAN"; pokokBln: number; tTransport: number; tMakan: number; ... 23 more ...; bankRekName?: string | ... 1 more ... | undefined; }': emplId, nama, kdSex, kdSts, and 13 more.
components/employees/EmployeeDialog.tsx(369,45): error TS2322: Type 'Control<{ emplId: string; nama: string; kdSex: "LAKILAKI" | "PEREMPUAN"; kdSts: "AKTIF" | "TIDAK_AKTIF"; kdJns: "TETAP" | "KONTRAK" | "HARIAN"; pokokBln: number; tTransport: number; tMakan: number; ... 23 more ...; bankRekName?: string | ... 1 more ... | undefined; }, any, TFieldValues>' is not assignable to type 'Control<{ emplId: string; nama: string; kdSex: "LAKILAKI" | "PEREMPUAN"; kdSts: "AKTIF" | "TIDAK_AKTIF"; kdJns: "TETAP" | "KONTRAK" | "HARIAN"; pokokBln: number; tTransport: number; tMakan: number; ... 23 more ...; bankRekName?: string | ... 1 more ... | undefined; }, any, { ...; }>'.
  The types of '_options.resolver' are incompatible between these types.
    Type 'Resolver<{ emplId: string; nama: string; kdSex: "LAKILAKI" | "PEREMPUAN"; kdSts: "AKTIF" | "TIDAK_AKTIF"; kdJns: "TETAP" | "KONTRAK" | "HARIAN"; pokokBln: number; tTransport: number; tMakan: number; ... 23 more ...; bankRekName?: string | ... 1 more ... | undefined; }, any, TFieldValues> | undefined' is not assignable to type 'Resolver<{ emplId: string; nama: string; kdSex: "LAKILAKI" | "PEREMPUAN"; kdSts: "AKTIF" | "TIDAK_AKTIF"; kdJns: "TETAP" | "KONTRAK" | "HARIAN"; pokokBln: number; tTransport: number; tMakan: number; ... 23 more ...; bankRekName?: string | ... 1 more ... | undefined; }, any, { ...; }> | undefined'.
      Type 'Resolver<{ emplId: string; nama: string; kdSex: "LAKILAKI" | "PEREMPUAN"; kdSts: "AKTIF" | "TIDAK_AKTIF"; kdJns: "TETAP" | "KONTRAK" | "HARIAN"; pokokBln: number; tTransport: number; tMakan: number; ... 23 more ...; bankRekName?: string | ... 1 more ... | undefined; }, any, TFieldValues>' is not assignable to type 'Resolver<{ emplId: string; nama: string; kdSex: "LAKILAKI" | "PEREMPUAN"; kdSts: "AKTIF" | "TIDAK_AKTIF"; kdJns: "TETAP" | "KONTRAK" | "HARIAN"; pokokBln: number; tTransport: number; tMakan: number; ... 23 more ...; bankRekName?: string | ... 1 more ... | undefined; }, any, { ...; }>'.
        Type 'ResolverResult<{ emplId: string; nama: string; kdSex: "LAKILAKI" | "PEREMPUAN"; kdSts: "AKTIF" | "TIDAK_AKTIF"; kdJns: "TETAP" | "KONTRAK" | "HARIAN"; pokokBln: number; tTransport: number; tMakan: number; ... 23 more ...; bankRekName?: string | ... 1 more ... | undefined; }, TFieldValues> | Promise<...>' is not assignable to type 'ResolverResult<{ emplId: string; nama: string; kdSex: "LAKILAKI" | "PEREMPUAN"; kdSts: "AKTIF" | "TIDAK_AKTIF"; kdJns: "TETAP" | "KONTRAK" | "HARIAN"; pokokBln: number; tTransport: number; tMakan: number; ... 23 more ...; bankRekName?: string | ... 1 more ... | undefined; }, { ...; }> | Promise<...>'.
          Type 'ResolverSuccess<TFieldValues>' is not assignable to type 'ResolverResult<{ emplId: string; nama: string; kdSex: "LAKILAKI" | "PEREMPUAN"; kdSts: "AKTIF" | "TIDAK_AKTIF"; kdJns: "TETAP" | "KONTRAK" | "HARIAN"; pokokBln: number; tTransport: number; tMakan: number; ... 23 more ...; bankRekName?: string | ... 1 more ... | undefined; }, { ...; }> | Promise<...>'.
            Type 'ResolverSuccess<TFieldValues>' is not assignable to type 'ResolverSuccess<{ emplId: string; nama: string; kdSex: "LAKILAKI" | "PEREMPUAN"; kdSts: "AKTIF" | "TIDAK_AKTIF"; kdJns: "TETAP" | "KONTRAK" | "HARIAN"; pokokBln: number; tTransport: number; tMakan: number; ... 23 more ...; bankRekName?: string | ... 1 more ... | undefined; }>'.
              Type 'TFieldValues' is not assignable to type '{ emplId: string; nama: string; kdSex: "LAKILAKI" | "PEREMPUAN"; kdSts: "AKTIF" | "TIDAK_AKTIF"; kdJns: "TETAP" | "KONTRAK" | "HARIAN"; pokokBln: number; tTransport: number; tMakan: number; ... 23 more ...; bankRekName?: string | ... 1 more ... | undefined; }'.
                Type 'FieldValues' is missing the following properties from type '{ emplId: string; nama: string; kdSex: "LAKILAKI" | "PEREMPUAN"; kdSts: "AKTIF" | "TIDAK_AKTIF"; kdJns: "TETAP" | "KONTRAK" | "HARIAN"; pokokBln: number; tTransport: number; tMakan: number; ... 23 more ...; bankRekName?: string | ... 1 more ... | undefined; }': emplId, nama, kdSex, kdSts, and 13 more.
components/employees/EmployeeDialog.tsx(391,45): error TS2322: Type 'Control<{ emplId: string; nama: string; kdSex: "LAKILAKI" | "PEREMPUAN"; kdSts: "AKTIF" | "TIDAK_AKTIF"; kdJns: "TETAP" | "KONTRAK" | "HARIAN"; pokokBln: number; tTransport: number; tMakan: number; ... 23 more ...; bankRekName?: string | ... 1 more ... | undefined; }, any, TFieldValues>' is not assignable to type 'Control<{ emplId: string; nama: string; kdSex: "LAKILAKI" | "PEREMPUAN"; kdSts: "AKTIF" | "TIDAK_AKTIF"; kdJns: "TETAP" | "KONTRAK" | "HARIAN"; pokokBln: number; tTransport: number; tMakan: number; ... 23 more ...; bankRekName?: string | ... 1 more ... | undefined; }, any, { ...; }>'.
  The types of '_options.resolver' are incompatible between these types.
    Type 'Resolver<{ emplId: string; nama: string; kdSex: "LAKILAKI" | "PEREMPUAN"; kdSts: "AKTIF" | "TIDAK_AKTIF"; kdJns: "TETAP" | "KONTRAK" | "HARIAN"; pokokBln: number; tTransport: number; tMakan: number; ... 23 more ...; bankRekName?: string | ... 1 more ... | undefined; }, any, TFieldValues> | undefined' is not assignable to type 'Resolver<{ emplId: string; nama: string; kdSex: "LAKILAKI" | "PEREMPUAN"; kdSts: "AKTIF" | "TIDAK_AKTIF"; kdJns: "TETAP" | "KONTRAK" | "HARIAN"; pokokBln: number; tTransport: number; tMakan: number; ... 23 more ...; bankRekName?: string | ... 1 more ... | undefined; }, any, { ...; }> | undefined'.
      Type 'Resolver<{ emplId: string; nama: string; kdSex: "LAKILAKI" | "PEREMPUAN"; kdSts: "AKTIF" | "TIDAK_AKTIF"; kdJns: "TETAP" | "KONTRAK" | "HARIAN"; pokokBln: number; tTransport: number; tMakan: number; ... 23 more ...; bankRekName?: string | ... 1 more ... | undefined; }, any, TFieldValues>' is not assignable to type 'Resolver<{ emplId: string; nama: string; kdSex: "LAKILAKI" | "PEREMPUAN"; kdSts: "AKTIF" | "TIDAK_AKTIF"; kdJns: "TETAP" | "KONTRAK" | "HARIAN"; pokokBln: number; tTransport: number; tMakan: number; ... 23 more ...; bankRekName?: string | ... 1 more ... | undefined; }, any, { ...; }>'.
        Type 'ResolverResult<{ emplId: string; nama: string; kdSex: "LAKILAKI" | "PEREMPUAN"; kdSts: "AKTIF" | "TIDAK_AKTIF"; kdJns: "TETAP" | "KONTRAK" | "HARIAN"; pokokBln: number; tTransport: number; tMakan: number; ... 23 more ...; bankRekName?: string | ... 1 more ... | undefined; }, TFieldValues> | Promise<...>' is not assignable to type 'ResolverResult<{ emplId: string; nama: string; kdSex: "LAKILAKI" | "PEREMPUAN"; kdSts: "AKTIF" | "TIDAK_AKTIF"; kdJns: "TETAP" | "KONTRAK" | "HARIAN"; pokokBln: number; tTransport: number; tMakan: number; ... 23 more ...; bankRekName?: string | ... 1 more ... | undefined; }, { ...; }> | Promise<...>'.
          Type 'ResolverSuccess<TFieldValues>' is not assignable to type 'ResolverResult<{ emplId: string; nama: string; kdSex: "LAKILAKI" | "PEREMPUAN"; kdSts: "AKTIF" | "TIDAK_AKTIF"; kdJns: "TETAP" | "KONTRAK" | "HARIAN"; pokokBln: number; tTransport: number; tMakan: number; ... 23 more ...; bankRekName?: string | ... 1 more ... | undefined; }, { ...; }> | Promise<...>'.
            Type 'ResolverSuccess<TFieldValues>' is not assignable to type 'ResolverSuccess<{ emplId: string; nama: string; kdSex: "LAKILAKI" | "PEREMPUAN"; kdSts: "AKTIF" | "TIDAK_AKTIF"; kdJns: "TETAP" | "KONTRAK" | "HARIAN"; pokokBln: number; tTransport: number; tMakan: number; ... 23 more ...; bankRekName?: string | ... 1 more ... | undefined; }>'.
              Type 'TFieldValues' is not assignable to type '{ emplId: string; nama: string; kdSex: "LAKILAKI" | "PEREMPUAN"; kdSts: "AKTIF" | "TIDAK_AKTIF"; kdJns: "TETAP" | "KONTRAK" | "HARIAN"; pokokBln: number; tTransport: number; tMakan: number; ... 23 more ...; bankRekName?: string | ... 1 more ... | undefined; }'.
                Type 'FieldValues' is missing the following properties from type '{ emplId: string; nama: string; kdSex: "LAKILAKI" | "PEREMPUAN"; kdSts: "AKTIF" | "TIDAK_AKTIF"; kdJns: "TETAP" | "KONTRAK" | "HARIAN"; pokokBln: number; tTransport: number; tMakan: number; ... 23 more ...; bankRekName?: string | ... 1 more ... | undefined; }': emplId, nama, kdSex, kdSts, and 13 more.
components/employees/EmployeeDialog.tsx(407,45): error TS2322: Type 'Control<{ emplId: string; nama: string; kdSex: "LAKILAKI" | "PEREMPUAN"; kdSts: "AKTIF" | "TIDAK_AKTIF"; kdJns: "TETAP" | "KONTRAK" | "HARIAN"; pokokBln: number; tTransport: number; tMakan: number; ... 23 more ...; bankRekName?: string | ... 1 more ... | undefined; }, any, TFieldValues>' is not assignable to type 'Control<{ emplId: string; nama: string; kdSex: "LAKILAKI" | "PEREMPUAN"; kdSts: "AKTIF" | "TIDAK_AKTIF"; kdJns: "TETAP" | "KONTRAK" | "HARIAN"; pokokBln: number; tTransport: number; tMakan: number; ... 23 more ...; bankRekName?: string | ... 1 more ... | undefined; }, any, { ...; }>'.
  The types of '_options.resolver' are incompatible between these types.
    Type 'Resolver<{ emplId: string; nama: string; kdSex: "LAKILAKI" | "PEREMPUAN"; kdSts: "AKTIF" | "TIDAK_AKTIF"; kdJns: "TETAP" | "KONTRAK" | "HARIAN"; pokokBln: number; tTransport: number; tMakan: number; ... 23 more ...; bankRekName?: string | ... 1 more ... | undefined; }, any, TFieldValues> | undefined' is not assignable to type 'Resolver<{ emplId: string; nama: string; kdSex: "LAKILAKI" | "PEREMPUAN"; kdSts: "AKTIF" | "TIDAK_AKTIF"; kdJns: "TETAP" | "KONTRAK" | "HARIAN"; pokokBln: number; tTransport: number; tMakan: number; ... 23 more ...; bankRekName?: string | ... 1 more ... | undefined; }, any, { ...; }> | undefined'.
      Type 'Resolver<{ emplId: string; nama: string; kdSex: "LAKILAKI" | "PEREMPUAN"; kdSts: "AKTIF" | "TIDAK_AKTIF"; kdJns: "TETAP" | "KONTRAK" | "HARIAN"; pokokBln: number; tTransport: number; tMakan: number; ... 23 more ...; bankRekName?: string | ... 1 more ... | undefined; }, any, TFieldValues>' is not assignable to type 'Resolver<{ emplId: string; nama: string; kdSex: "LAKILAKI" | "PEREMPUAN"; kdSts: "AKTIF" | "TIDAK_AKTIF"; kdJns: "TETAP" | "KONTRAK" | "HARIAN"; pokokBln: number; tTransport: number; tMakan: number; ... 23 more ...; bankRekName?: string | ... 1 more ... | undefined; }, any, { ...; }>'.
        Type 'ResolverResult<{ emplId: string; nama: string; kdSex: "LAKILAKI" | "PEREMPUAN"; kdSts: "AKTIF" | "TIDAK_AKTIF"; kdJns: "TETAP" | "KONTRAK" | "HARIAN"; pokokBln: number; tTransport: number; tMakan: number; ... 23 more ...; bankRekName?: string | ... 1 more ... | undefined; }, TFieldValues> | Promise<...>' is not assignable to type 'ResolverResult<{ emplId: string; nama: string; kdSex: "LAKILAKI" | "PEREMPUAN"; kdSts: "AKTIF" | "TIDAK_AKTIF"; kdJns: "TETAP" | "KONTRAK" | "HARIAN"; pokokBln: number; tTransport: number; tMakan: number; ... 23 more ...; bankRekName?: string | ... 1 more ... | undefined; }, { ...; }> | Promise<...>'.
          Type 'ResolverSuccess<TFieldValues>' is not assignable to type 'ResolverResult<{ emplId: string; nama: string; kdSex: "LAKILAKI" | "PEREMPUAN"; kdSts: "AKTIF" | "TIDAK_AKTIF"; kdJns: "TETAP" | "KONTRAK" | "HARIAN"; pokokBln: number; tTransport: number; tMakan: number; ... 23 more ...; bankRekName?: string | ... 1 more ... | undefined; }, { ...; }> | Promise<...>'.
            Type 'ResolverSuccess<TFieldValues>' is not assignable to type 'ResolverSuccess<{ emplId: string; nama: string; kdSex: "LAKILAKI" | "PEREMPUAN"; kdSts: "AKTIF" | "TIDAK_AKTIF"; kdJns: "TETAP" | "KONTRAK" | "HARIAN"; pokokBln: number; tTransport: number; tMakan: number; ... 23 more ...; bankRekName?: string | ... 1 more ... | undefined; }>'.
              Type 'TFieldValues' is not assignable to type '{ emplId: string; nama: string; kdSex: "LAKILAKI" | "PEREMPUAN"; kdSts: "AKTIF" | "TIDAK_AKTIF"; kdJns: "TETAP" | "KONTRAK" | "HARIAN"; pokokBln: number; tTransport: number; tMakan: number; ... 23 more ...; bankRekName?: string | ... 1 more ... | undefined; }'.
                Type 'FieldValues' is missing the following properties from type '{ emplId: string; nama: string; kdSex: "LAKILAKI" | "PEREMPUAN"; kdSts: "AKTIF" | "TIDAK_AKTIF"; kdJns: "TETAP" | "KONTRAK" | "HARIAN"; pokokBln: number; tTransport: number; tMakan: number; ... 23 more ...; bankRekName?: string | ... 1 more ... | undefined; }': emplId, nama, kdSex, kdSts, and 13 more.
components/employees/EmployeeDialog.tsx(425,45): error TS2322: Type 'Control<{ emplId: string; nama: string; kdSex: "LAKILAKI" | "PEREMPUAN"; kdSts: "AKTIF" | "TIDAK_AKTIF"; kdJns: "TETAP" | "KONTRAK" | "HARIAN"; pokokBln: number; tTransport: number; tMakan: number; ... 23 more ...; bankRekName?: string | ... 1 more ... | undefined; }, any, TFieldValues>' is not assignable to type 'Control<{ emplId: string; nama: string; kdSex: "LAKILAKI" | "PEREMPUAN"; kdSts: "AKTIF" | "TIDAK_AKTIF"; kdJns: "TETAP" | "KONTRAK" | "HARIAN"; pokokBln: number; tTransport: number; tMakan: number; ... 23 more ...; bankRekName?: string | ... 1 more ... | undefined; }, any, { ...; }>'.
  The types of '_options.resolver' are incompatible between these types.
    Type 'Resolver<{ emplId: string; nama: string; kdSex: "LAKILAKI" | "PEREMPUAN"; kdSts: "AKTIF" | "TIDAK_AKTIF"; kdJns: "TETAP" | "KONTRAK" | "HARIAN"; pokokBln: number; tTransport: number; tMakan: number; ... 23 more ...; bankRekName?: string | ... 1 more ... | undefined; }, any, TFieldValues> | undefined' is not assignable to type 'Resolver<{ emplId: string; nama: string; kdSex: "LAKILAKI" | "PEREMPUAN"; kdSts: "AKTIF" | "TIDAK_AKTIF"; kdJns: "TETAP" | "KONTRAK" | "HARIAN"; pokokBln: number; tTransport: number; tMakan: number; ... 23 more ...; bankRekName?: string | ... 1 more ... | undefined; }, any, { ...; }> | undefined'.
      Type 'Resolver<{ emplId: string; nama: string; kdSex: "LAKILAKI" | "PEREMPUAN"; kdSts: "AKTIF" | "TIDAK_AKTIF"; kdJns: "TETAP" | "KONTRAK" | "HARIAN"; pokokBln: number; tTransport: number; tMakan: number; ... 23 more ...; bankRekName?: string | ... 1 more ... | undefined; }, any, TFieldValues>' is not assignable to type 'Resolver<{ emplId: string; nama: string; kdSex: "LAKILAKI" | "PEREMPUAN"; kdSts: "AKTIF" | "TIDAK_AKTIF"; kdJns: "TETAP" | "KONTRAK" | "HARIAN"; pokokBln: number; tTransport: number; tMakan: number; ... 23 more ...; bankRekName?: string | ... 1 more ... | undefined; }, any, { ...; }>'.
        Type 'ResolverResult<{ emplId: string; nama: string; kdSex: "LAKILAKI" | "PEREMPUAN"; kdSts: "AKTIF" | "TIDAK_AKTIF"; kdJns: "TETAP" | "KONTRAK" | "HARIAN"; pokokBln: number; tTransport: number; tMakan: number; ... 23 more ...; bankRekName?: string | ... 1 more ... | undefined; }, TFieldValues> | Promise<...>' is not assignable to type 'ResolverResult<{ emplId: string; nama: string; kdSex: "LAKILAKI" | "PEREMPUAN"; kdSts: "AKTIF" | "TIDAK_AKTIF"; kdJns: "TETAP" | "KONTRAK" | "HARIAN"; pokokBln: number; tTransport: number; tMakan: number; ... 23 more ...; bankRekName?: string | ... 1 more ... | undefined; }, { ...; }> | Promise<...>'.
          Type 'ResolverSuccess<TFieldValues>' is not assignable to type 'ResolverResult<{ emplId: string; nama: string; kdSex: "LAKILAKI" | "PEREMPUAN"; kdSts: "AKTIF" | "TIDAK_AKTIF"; kdJns: "TETAP" | "KONTRAK" | "HARIAN"; pokokBln: number; tTransport: number; tMakan: number; ... 23 more ...; bankRekName?: string | ... 1 more ... | undefined; }, { ...; }> | Promise<...>'.
            Type 'ResolverSuccess<TFieldValues>' is not assignable to type 'ResolverSuccess<{ emplId: string; nama: string; kdSex: "LAKILAKI" | "PEREMPUAN"; kdSts: "AKTIF" | "TIDAK_AKTIF"; kdJns: "TETAP" | "KONTRAK" | "HARIAN"; pokokBln: number; tTransport: number; tMakan: number; ... 23 more ...; bankRekName?: string | ... 1 more ... | undefined; }>'.
              Type 'TFieldValues' is not assignable to type '{ emplId: string; nama: string; kdSex: "LAKILAKI" | "PEREMPUAN"; kdSts: "AKTIF" | "TIDAK_AKTIF"; kdJns: "TETAP" | "KONTRAK" | "HARIAN"; pokokBln: number; tTransport: number; tMakan: number; ... 23 more ...; bankRekName?: string | ... 1 more ... | undefined; }'.
                Type 'FieldValues' is missing the following properties from type '{ emplId: string; nama: string; kdSex: "LAKILAKI" | "PEREMPUAN"; kdSts: "AKTIF" | "TIDAK_AKTIF"; kdJns: "TETAP" | "KONTRAK" | "HARIAN"; pokokBln: number; tTransport: number; tMakan: number; ... 23 more ...; bankRekName?: string | ... 1 more ... | undefined; }': emplId, nama, kdSex, kdSts, and 13 more.
components/employees/EmployeeDialog.tsx(450,45): error TS2322: Type 'Control<{ emplId: string; nama: string; kdSex: "LAKILAKI" | "PEREMPUAN"; kdSts: "AKTIF" | "TIDAK_AKTIF"; kdJns: "TETAP" | "KONTRAK" | "HARIAN"; pokokBln: number; tTransport: number; tMakan: number; ... 23 more ...; bankRekName?: string | ... 1 more ... | undefined; }, any, TFieldValues>' is not assignable to type 'Control<{ emplId: string; nama: string; kdSex: "LAKILAKI" | "PEREMPUAN"; kdSts: "AKTIF" | "TIDAK_AKTIF"; kdJns: "TETAP" | "KONTRAK" | "HARIAN"; pokokBln: number; tTransport: number; tMakan: number; ... 23 more ...; bankRekName?: string | ... 1 more ... | undefined; }, any, { ...; }>'.
  The types of '_options.resolver' are incompatible between these types.
    Type 'Resolver<{ emplId: string; nama: string; kdSex: "LAKILAKI" | "PEREMPUAN"; kdSts: "AKTIF" | "TIDAK_AKTIF"; kdJns: "TETAP" | "KONTRAK" | "HARIAN"; pokokBln: number; tTransport: number; tMakan: number; ... 23 more ...; bankRekName?: string | ... 1 more ... | undefined; }, any, TFieldValues> | undefined' is not assignable to type 'Resolver<{ emplId: string; nama: string; kdSex: "LAKILAKI" | "PEREMPUAN"; kdSts: "AKTIF" | "TIDAK_AKTIF"; kdJns: "TETAP" | "KONTRAK" | "HARIAN"; pokokBln: number; tTransport: number; tMakan: number; ... 23 more ...; bankRekName?: string | ... 1 more ... | undefined; }, any, { ...; }> | undefined'.
      Type 'Resolver<{ emplId: string; nama: string; kdSex: "LAKILAKI" | "PEREMPUAN"; kdSts: "AKTIF" | "TIDAK_AKTIF"; kdJns: "TETAP" | "KONTRAK" | "HARIAN"; pokokBln: number; tTransport: number; tMakan: number; ... 23 more ...; bankRekName?: string | ... 1 more ... | undefined; }, any, TFieldValues>' is not assignable to type 'Resolver<{ emplId: string; nama: string; kdSex: "LAKILAKI" | "PEREMPUAN"; kdSts: "AKTIF" | "TIDAK_AKTIF"; kdJns: "TETAP" | "KONTRAK" | "HARIAN"; pokokBln: number; tTransport: number; tMakan: number; ... 23 more ...; bankRekName?: string | ... 1 more ... | undefined; }, any, { ...; }>'.
        Type 'ResolverResult<{ emplId: string; nama: string; kdSex: "LAKILAKI" | "PEREMPUAN"; kdSts: "AKTIF" | "TIDAK_AKTIF"; kdJns: "TETAP" | "KONTRAK" | "HARIAN"; pokokBln: number; tTransport: number; tMakan: number; ... 23 more ...; bankRekName?: string | ... 1 more ... | undefined; }, TFieldValues> | Promise<...>' is not assignable to type 'ResolverResult<{ emplId: string; nama: string; kdSex: "LAKILAKI" | "PEREMPUAN"; kdSts: "AKTIF" | "TIDAK_AKTIF"; kdJns: "TETAP" | "KONTRAK" | "HARIAN"; pokokBln: number; tTransport: number; tMakan: number; ... 23 more ...; bankRekName?: string | ... 1 more ... | undefined; }, { ...; }> | Promise<...>'.
          Type 'ResolverSuccess<TFieldValues>' is not assignable to type 'ResolverResult<{ emplId: string; nama: string; kdSex: "LAKILAKI" | "PEREMPUAN"; kdSts: "AKTIF" | "TIDAK_AKTIF"; kdJns: "TETAP" | "KONTRAK" | "HARIAN"; pokokBln: number; tTransport: number; tMakan: number; ... 23 more ...; bankRekName?: string | ... 1 more ... | undefined; }, { ...; }> | Promise<...>'.
            Type 'ResolverSuccess<TFieldValues>' is not assignable to type 'ResolverSuccess<{ emplId: string; nama: string; kdSex: "LAKILAKI" | "PEREMPUAN"; kdSts: "AKTIF" | "TIDAK_AKTIF"; kdJns: "TETAP" | "KONTRAK" | "HARIAN"; pokokBln: number; tTransport: number; tMakan: number; ... 23 more ...; bankRekName?: string | ... 1 more ... | undefined; }>'.
              Type 'TFieldValues' is not assignable to type '{ emplId: string; nama: string; kdSex: "LAKILAKI" | "PEREMPUAN"; kdSts: "AKTIF" | "TIDAK_AKTIF"; kdJns: "TETAP" | "KONTRAK" | "HARIAN"; pokokBln: number; tTransport: number; tMakan: number; ... 23 more ...; bankRekName?: string | ... 1 more ... | undefined; }'.
                Type 'FieldValues' is missing the following properties from type '{ emplId: string; nama: string; kdSex: "LAKILAKI" | "PEREMPUAN"; kdSts: "AKTIF" | "TIDAK_AKTIF"; kdJns: "TETAP" | "KONTRAK" | "HARIAN"; pokokBln: number; tTransport: number; tMakan: number; ... 23 more ...; bankRekName?: string | ... 1 more ... | undefined; }': emplId, nama, kdSex, kdSts, and 13 more.
components/employees/EmployeeDialog.tsx(477,45): error TS2322: Type 'Control<{ emplId: string; nama: string; kdSex: "LAKILAKI" | "PEREMPUAN"; kdSts: "AKTIF" | "TIDAK_AKTIF"; kdJns: "TETAP" | "KONTRAK" | "HARIAN"; pokokBln: number; tTransport: number; tMakan: number; ... 23 more ...; bankRekName?: string | ... 1 more ... | undefined; }, any, TFieldValues>' is not assignable to type 'Control<{ emplId: string; nama: string; kdSex: "LAKILAKI" | "PEREMPUAN"; kdSts: "AKTIF" | "TIDAK_AKTIF"; kdJns: "TETAP" | "KONTRAK" | "HARIAN"; pokokBln: number; tTransport: number; tMakan: number; ... 23 more ...; bankRekName?: string | ... 1 more ... | undefined; }, any, { ...; }>'.
  The types of '_options.resolver' are incompatible between these types.
    Type 'Resolver<{ emplId: string; nama: string; kdSex: "LAKILAKI" | "PEREMPUAN"; kdSts: "AKTIF" | "TIDAK_AKTIF"; kdJns: "TETAP" | "KONTRAK" | "HARIAN"; pokokBln: number; tTransport: number; tMakan: number; ... 23 more ...; bankRekName?: string | ... 1 more ... | undefined; }, any, TFieldValues> | undefined' is not assignable to type 'Resolver<{ emplId: string; nama: string; kdSex: "LAKILAKI" | "PEREMPUAN"; kdSts: "AKTIF" | "TIDAK_AKTIF"; kdJns: "TETAP" | "KONTRAK" | "HARIAN"; pokokBln: number; tTransport: number; tMakan: number; ... 23 more ...; bankRekName?: string | ... 1 more ... | undefined; }, any, { ...; }> | undefined'.
      Type 'Resolver<{ emplId: string; nama: string; kdSex: "LAKILAKI" | "PEREMPUAN"; kdSts: "AKTIF" | "TIDAK_AKTIF"; kdJns: "TETAP" | "KONTRAK" | "HARIAN"; pokokBln: number; tTransport: number; tMakan: number; ... 23 more ...; bankRekName?: string | ... 1 more ... | undefined; }, any, TFieldValues>' is not assignable to type 'Resolver<{ emplId: string; nama: string; kdSex: "LAKILAKI" | "PEREMPUAN"; kdSts: "AKTIF" | "TIDAK_AKTIF"; kdJns: "TETAP" | "KONTRAK" | "HARIAN"; pokokBln: number; tTransport: number; tMakan: number; ... 23 more ...; bankRekName?: string | ... 1 more ... | undefined; }, any, { ...; }>'.
        Type 'ResolverResult<{ emplId: string; nama: string; kdSex: "LAKILAKI" | "PEREMPUAN"; kdSts: "AKTIF" | "TIDAK_AKTIF"; kdJns: "TETAP" | "KONTRAK" | "HARIAN"; pokokBln: number; tTransport: number; tMakan: number; ... 23 more ...; bankRekName?: string | ... 1 more ... | undefined; }, TFieldValues> | Promise<...>' is not assignable to type 'ResolverResult<{ emplId: string; nama: string; kdSex: "LAKILAKI" | "PEREMPUAN"; kdSts: "AKTIF" | "TIDAK_AKTIF"; kdJns: "TETAP" | "KONTRAK" | "HARIAN"; pokokBln: number; tTransport: number; tMakan: number; ... 23 more ...; bankRekName?: string | ... 1 more ... | undefined; }, { ...; }> | Promise<...>'.
          Type 'ResolverSuccess<TFieldValues>' is not assignable to type 'ResolverResult<{ emplId: string; nama: string; kdSex: "LAKILAKI" | "PEREMPUAN"; kdSts: "AKTIF" | "TIDAK_AKTIF"; kdJns: "TETAP" | "KONTRAK" | "HARIAN"; pokokBln: number; tTransport: number; tMakan: number; ... 23 more ...; bankRekName?: string | ... 1 more ... | undefined; }, { ...; }> | Promise<...>'.
            Type 'ResolverSuccess<TFieldValues>' is not assignable to type 'ResolverSuccess<{ emplId: string; nama: string; kdSex: "LAKILAKI" | "PEREMPUAN"; kdSts: "AKTIF" | "TIDAK_AKTIF"; kdJns: "TETAP" | "KONTRAK" | "HARIAN"; pokokBln: number; tTransport: number; tMakan: number; ... 23 more ...; bankRekName?: string | ... 1 more ... | undefined; }>'.
              Type 'TFieldValues' is not assignable to type '{ emplId: string; nama: string; kdSex: "LAKILAKI" | "PEREMPUAN"; kdSts: "AKTIF" | "TIDAK_AKTIF"; kdJns: "TETAP" | "KONTRAK" | "HARIAN"; pokokBln: number; tTransport: number; tMakan: number; ... 23 more ...; bankRekName?: string | ... 1 more ... | undefined; }'.
                Type 'FieldValues' is missing the following properties from type '{ emplId: string; nama: string; kdSex: "LAKILAKI" | "PEREMPUAN"; kdSts: "AKTIF" | "TIDAK_AKTIF"; kdJns: "TETAP" | "KONTRAK" | "HARIAN"; pokokBln: number; tTransport: number; tMakan: number; ... 23 more ...; bankRekName?: string | ... 1 more ... | undefined; }': emplId, nama, kdSex, kdSts, and 13 more.
components/employees/EmployeeDialog.tsx(493,45): error TS2322: Type 'Control<{ emplId: string; nama: string; kdSex: "LAKILAKI" | "PEREMPUAN"; kdSts: "AKTIF" | "TIDAK_AKTIF"; kdJns: "TETAP" | "KONTRAK" | "HARIAN"; pokokBln: number; tTransport: number; tMakan: number; ... 23 more ...; bankRekName?: string | ... 1 more ... | undefined; }, any, TFieldValues>' is not assignable to type 'Control<{ emplId: string; nama: string; kdSex: "LAKILAKI" | "PEREMPUAN"; kdSts: "AKTIF" | "TIDAK_AKTIF"; kdJns: "TETAP" | "KONTRAK" | "HARIAN"; pokokBln: number; tTransport: number; tMakan: number; ... 23 more ...; bankRekName?: string | ... 1 more ... | undefined; }, any, { ...; }>'.
  The types of '_options.resolver' are incompatible between these types.
    Type 'Resolver<{ emplId: string; nama: string; kdSex: "LAKILAKI" | "PEREMPUAN"; kdSts: "AKTIF" | "TIDAK_AKTIF"; kdJns: "TETAP" | "KONTRAK" | "HARIAN"; pokokBln: number; tTransport: number; tMakan: number; ... 23 more ...; bankRekName?: string | ... 1 more ... | undefined; }, any, TFieldValues> | undefined' is not assignable to type 'Resolver<{ emplId: string; nama: string; kdSex: "LAKILAKI" | "PEREMPUAN"; kdSts: "AKTIF" | "TIDAK_AKTIF"; kdJns: "TETAP" | "KONTRAK" | "HARIAN"; pokokBln: number; tTransport: number; tMakan: number; ... 23 more ...; bankRekName?: string | ... 1 more ... | undefined; }, any, { ...; }> | undefined'.
      Type 'Resolver<{ emplId: string; nama: string; kdSex: "LAKILAKI" | "PEREMPUAN"; kdSts: "AKTIF" | "TIDAK_AKTIF"; kdJns: "TETAP" | "KONTRAK" | "HARIAN"; pokokBln: number; tTransport: number; tMakan: number; ... 23 more ...; bankRekName?: string | ... 1 more ... | undefined; }, any, TFieldValues>' is not assignable to type 'Resolver<{ emplId: string; nama: string; kdSex: "LAKILAKI" | "PEREMPUAN"; kdSts: "AKTIF" | "TIDAK_AKTIF"; kdJns: "TETAP" | "KONTRAK" | "HARIAN"; pokokBln: number; tTransport: number; tMakan: number; ... 23 more ...; bankRekName?: string | ... 1 more ... | undefined; }, any, { ...; }>'.
        Type 'ResolverResult<{ emplId: string; nama: string; kdSex: "LAKILAKI" | "PEREMPUAN"; kdSts: "AKTIF" | "TIDAK_AKTIF"; kdJns: "TETAP" | "KONTRAK" | "HARIAN"; pokokBln: number; tTransport: number; tMakan: number; ... 23 more ...; bankRekName?: string | ... 1 more ... | undefined; }, TFieldValues> | Promise<...>' is not assignable to type 'ResolverResult<{ emplId: string; nama: string; kdSex: "LAKILAKI" | "PEREMPUAN"; kdSts: "AKTIF" | "TIDAK_AKTIF"; kdJns: "TETAP" | "KONTRAK" | "HARIAN"; pokokBln: number; tTransport: number; tMakan: number; ... 23 more ...; bankRekName?: string | ... 1 more ... | undefined; }, { ...; }> | Promise<...>'.
          Type 'ResolverSuccess<TFieldValues>' is not assignable to type 'ResolverResult<{ emplId: string; nama: string; kdSex: "LAKILAKI" | "PEREMPUAN"; kdSts: "AKTIF" | "TIDAK_AKTIF"; kdJns: "TETAP" | "KONTRAK" | "HARIAN"; pokokBln: number; tTransport: number; tMakan: number; ... 23 more ...; bankRekName?: string | ... 1 more ... | undefined; }, { ...; }> | Promise<...>'.
            Type 'ResolverSuccess<TFieldValues>' is not assignable to type 'ResolverSuccess<{ emplId: string; nama: string; kdSex: "LAKILAKI" | "PEREMPUAN"; kdSts: "AKTIF" | "TIDAK_AKTIF"; kdJns: "TETAP" | "KONTRAK" | "HARIAN"; pokokBln: number; tTransport: number; tMakan: number; ... 23 more ...; bankRekName?: string | ... 1 more ... | undefined; }>'.
              Type 'TFieldValues' is not assignable to type '{ emplId: string; nama: string; kdSex: "LAKILAKI" | "PEREMPUAN"; kdSts: "AKTIF" | "TIDAK_AKTIF"; kdJns: "TETAP" | "KONTRAK" | "HARIAN"; pokokBln: number; tTransport: number; tMakan: number; ... 23 more ...; bankRekName?: string | ... 1 more ... | undefined; }'.
                Type 'FieldValues' is missing the following properties from type '{ emplId: string; nama: string; kdSex: "LAKILAKI" | "PEREMPUAN"; kdSts: "AKTIF" | "TIDAK_AKTIF"; kdJns: "TETAP" | "KONTRAK" | "HARIAN"; pokokBln: number; tTransport: number; tMakan: number; ... 23 more ...; bankRekName?: string | ... 1 more ... | undefined; }': emplId, nama, kdSex, kdSts, and 13 more.
components/employees/EmployeeDialog.tsx(511,45): error TS2322: Type 'Control<{ emplId: string; nama: string; kdSex: "LAKILAKI" | "PEREMPUAN"; kdSts: "AKTIF" | "TIDAK_AKTIF"; kdJns: "TETAP" | "KONTRAK" | "HARIAN"; pokokBln: number; tTransport: number; tMakan: number; ... 23 more ...; bankRekName?: string | ... 1 more ... | undefined; }, any, TFieldValues>' is not assignable to type 'Control<{ emplId: string; nama: string; kdSex: "LAKILAKI" | "PEREMPUAN"; kdSts: "AKTIF" | "TIDAK_AKTIF"; kdJns: "TETAP" | "KONTRAK" | "HARIAN"; pokokBln: number; tTransport: number; tMakan: number; ... 23 more ...; bankRekName?: string | ... 1 more ... | undefined; }, any, { ...; }>'.
  The types of '_options.resolver' are incompatible between these types.
    Type 'Resolver<{ emplId: string; nama: string; kdSex: "LAKILAKI" | "PEREMPUAN"; kdSts: "AKTIF" | "TIDAK_AKTIF"; kdJns: "TETAP" | "KONTRAK" | "HARIAN"; pokokBln: number; tTransport: number; tMakan: number; ... 23 more ...; bankRekName?: string | ... 1 more ... | undefined; }, any, TFieldValues> | undefined' is not assignable to type 'Resolver<{ emplId: string; nama: string; kdSex: "LAKILAKI" | "PEREMPUAN"; kdSts: "AKTIF" | "TIDAK_AKTIF"; kdJns: "TETAP" | "KONTRAK" | "HARIAN"; pokokBln: number; tTransport: number; tMakan: number; ... 23 more ...; bankRekName?: string | ... 1 more ... | undefined; }, any, { ...; }> | undefined'.
      Type 'Resolver<{ emplId: string; nama: string; kdSex: "LAKILAKI" | "PEREMPUAN"; kdSts: "AKTIF" | "TIDAK_AKTIF"; kdJns: "TETAP" | "KONTRAK" | "HARIAN"; pokokBln: number; tTransport: number; tMakan: number; ... 23 more ...; bankRekName?: string | ... 1 more ... | undefined; }, any, TFieldValues>' is not assignable to type 'Resolver<{ emplId: string; nama: string; kdSex: "LAKILAKI" | "PEREMPUAN"; kdSts: "AKTIF" | "TIDAK_AKTIF"; kdJns: "TETAP" | "KONTRAK" | "HARIAN"; pokokBln: number; tTransport: number; tMakan: number; ... 23 more ...; bankRekName?: string | ... 1 more ... | undefined; }, any, { ...; }>'.
        Type 'ResolverResult<{ emplId: string; nama: string; kdSex: "LAKILAKI" | "PEREMPUAN"; kdSts: "AKTIF" | "TIDAK_AKTIF"; kdJns: "TETAP" | "KONTRAK" | "HARIAN"; pokokBln: number; tTransport: number; tMakan: number; ... 23 more ...; bankRekName?: string | ... 1 more ... | undefined; }, TFieldValues> | Promise<...>' is not assignable to type 'ResolverResult<{ emplId: string; nama: string; kdSex: "LAKILAKI" | "PEREMPUAN"; kdSts: "AKTIF" | "TIDAK_AKTIF"; kdJns: "TETAP" | "KONTRAK" | "HARIAN"; pokokBln: number; tTransport: number; tMakan: number; ... 23 more ...; bankRekName?: string | ... 1 more ... | undefined; }, { ...; }> | Promise<...>'.
          Type 'ResolverSuccess<TFieldValues>' is not assignable to type 'ResolverResult<{ emplId: string; nama: string; kdSex: "LAKILAKI" | "PEREMPUAN"; kdSts: "AKTIF" | "TIDAK_AKTIF"; kdJns: "TETAP" | "KONTRAK" | "HARIAN"; pokokBln: number; tTransport: number; tMakan: number; ... 23 more ...; bankRekName?: string | ... 1 more ... | undefined; }, { ...; }> | Promise<...>'.
            Type 'ResolverSuccess<TFieldValues>' is not assignable to type 'ResolverSuccess<{ emplId: string; nama: string; kdSex: "LAKILAKI" | "PEREMPUAN"; kdSts: "AKTIF" | "TIDAK_AKTIF"; kdJns: "TETAP" | "KONTRAK" | "HARIAN"; pokokBln: number; tTransport: number; tMakan: number; ... 23 more ...; bankRekName?: string | ... 1 more ... | undefined; }>'.
              Type 'TFieldValues' is not assignable to type '{ emplId: string; nama: string; kdSex: "LAKILAKI" | "PEREMPUAN"; kdSts: "AKTIF" | "TIDAK_AKTIF"; kdJns: "TETAP" | "KONTRAK" | "HARIAN"; pokokBln: number; tTransport: number; tMakan: number; ... 23 more ...; bankRekName?: string | ... 1 more ... | undefined; }'.
                Type 'FieldValues' is missing the following properties from type '{ emplId: string; nama: string; kdSex: "LAKILAKI" | "PEREMPUAN"; kdSts: "AKTIF" | "TIDAK_AKTIF"; kdJns: "TETAP" | "KONTRAK" | "HARIAN"; pokokBln: number; tTransport: number; tMakan: number; ... 23 more ...; bankRekName?: string | ... 1 more ... | undefined; }': emplId, nama, kdSex, kdSts, and 13 more.
components/employees/EmployeeDialog.tsx(532,45): error TS2322: Type 'Control<{ emplId: string; nama: string; kdSex: "LAKILAKI" | "PEREMPUAN"; kdSts: "AKTIF" | "TIDAK_AKTIF"; kdJns: "TETAP" | "KONTRAK" | "HARIAN"; pokokBln: number; tTransport: number; tMakan: number; ... 23 more ...; bankRekName?: string | ... 1 more ... | undefined; }, any, TFieldValues>' is not assignable to type 'Control<{ emplId: string; nama: string; kdSex: "LAKILAKI" | "PEREMPUAN"; kdSts: "AKTIF" | "TIDAK_AKTIF"; kdJns: "TETAP" | "KONTRAK" | "HARIAN"; pokokBln: number; tTransport: number; tMakan: number; ... 23 more ...; bankRekName?: string | ... 1 more ... | undefined; }, any, { ...; }>'.
  The types of '_options.resolver' are incompatible between these types.
    Type 'Resolver<{ emplId: string; nama: string; kdSex: "LAKILAKI" | "PEREMPUAN"; kdSts: "AKTIF" | "TIDAK_AKTIF"; kdJns: "TETAP" | "KONTRAK" | "HARIAN"; pokokBln: number; tTransport: number; tMakan: number; ... 23 more ...; bankRekName?: string | ... 1 more ... | undefined; }, any, TFieldValues> | undefined' is not assignable to type 'Resolver<{ emplId: string; nama: string; kdSex: "LAKILAKI" | "PEREMPUAN"; kdSts: "AKTIF" | "TIDAK_AKTIF"; kdJns: "TETAP" | "KONTRAK" | "HARIAN"; pokokBln: number; tTransport: number; tMakan: number; ... 23 more ...; bankRekName?: string | ... 1 more ... | undefined; }, any, { ...; }> | undefined'.
      Type 'Resolver<{ emplId: string; nama: string; kdSex: "LAKILAKI" | "PEREMPUAN"; kdSts: "AKTIF" | "TIDAK_AKTIF"; kdJns: "TETAP" | "KONTRAK" | "HARIAN"; pokokBln: number; tTransport: number; tMakan: number; ... 23 more ...; bankRekName?: string | ... 1 more ... | undefined; }, any, TFieldValues>' is not assignable to type 'Resolver<{ emplId: string; nama: string; kdSex: "LAKILAKI" | "PEREMPUAN"; kdSts: "AKTIF" | "TIDAK_AKTIF"; kdJns: "TETAP" | "KONTRAK" | "HARIAN"; pokokBln: number; tTransport: number; tMakan: number; ... 23 more ...; bankRekName?: string | ... 1 more ... | undefined; }, any, { ...; }>'.
        Type 'ResolverResult<{ emplId: string; nama: string; kdSex: "LAKILAKI" | "PEREMPUAN"; kdSts: "AKTIF" | "TIDAK_AKTIF"; kdJns: "TETAP" | "KONTRAK" | "HARIAN"; pokokBln: number; tTransport: number; tMakan: number; ... 23 more ...; bankRekName?: string | ... 1 more ... | undefined; }, TFieldValues> | Promise<...>' is not assignable to type 'ResolverResult<{ emplId: string; nama: string; kdSex: "LAKILAKI" | "PEREMPUAN"; kdSts: "AKTIF" | "TIDAK_AKTIF"; kdJns: "TETAP" | "KONTRAK" | "HARIAN"; pokokBln: number; tTransport: number; tMakan: number; ... 23 more ...; bankRekName?: string | ... 1 more ... | undefined; }, { ...; }> | Promise<...>'.
          Type 'ResolverSuccess<TFieldValues>' is not assignable to type 'ResolverResult<{ emplId: string; nama: string; kdSex: "LAKILAKI" | "PEREMPUAN"; kdSts: "AKTIF" | "TIDAK_AKTIF"; kdJns: "TETAP" | "KONTRAK" | "HARIAN"; pokokBln: number; tTransport: number; tMakan: number; ... 23 more ...; bankRekName?: string | ... 1 more ... | undefined; }, { ...; }> | Promise<...>'.
            Type 'ResolverSuccess<TFieldValues>' is not assignable to type 'ResolverSuccess<{ emplId: string; nama: string; kdSex: "LAKILAKI" | "PEREMPUAN"; kdSts: "AKTIF" | "TIDAK_AKTIF"; kdJns: "TETAP" | "KONTRAK" | "HARIAN"; pokokBln: number; tTransport: number; tMakan: number; ... 23 more ...; bankRekName?: string | ... 1 more ... | undefined; }>'.
              Type 'TFieldValues' is not assignable to type '{ emplId: string; nama: string; kdSex: "LAKILAKI" | "PEREMPUAN"; kdSts: "AKTIF" | "TIDAK_AKTIF"; kdJns: "TETAP" | "KONTRAK" | "HARIAN"; pokokBln: number; tTransport: number; tMakan: number; ... 23 more ...; bankRekName?: string | ... 1 more ... | undefined; }'.
                Type 'FieldValues' is missing the following properties from type '{ emplId: string; nama: string; kdSex: "LAKILAKI" | "PEREMPUAN"; kdSts: "AKTIF" | "TIDAK_AKTIF"; kdJns: "TETAP" | "KONTRAK" | "HARIAN"; pokokBln: number; tTransport: number; tMakan: number; ... 23 more ...; bankRekName?: string | ... 1 more ... | undefined; }': emplId, nama, kdSex, kdSts, and 13 more.
components/employees/EmployeeDialog.tsx(564,45): error TS2322: Type 'Control<{ emplId: string; nama: string; kdSex: "LAKILAKI" | "PEREMPUAN"; kdSts: "AKTIF" | "TIDAK_AKTIF"; kdJns: "TETAP" | "KONTRAK" | "HARIAN"; pokokBln: number; tTransport: number; tMakan: number; ... 23 more ...; bankRekName?: string | ... 1 more ... | undefined; }, any, TFieldValues>' is not assignable to type 'Control<{ emplId: string; nama: string; kdSex: "LAKILAKI" | "PEREMPUAN"; kdSts: "AKTIF" | "TIDAK_AKTIF"; kdJns: "TETAP" | "KONTRAK" | "HARIAN"; pokokBln: number; tTransport: number; tMakan: number; ... 23 more ...; bankRekName?: string | ... 1 more ... | undefined; }, any, { ...; }>'.
  The types of '_options.resolver' are incompatible between these types.
    Type 'Resolver<{ emplId: string; nama: string; kdSex: "LAKILAKI" | "PEREMPUAN"; kdSts: "AKTIF" | "TIDAK_AKTIF"; kdJns: "TETAP" | "KONTRAK" | "HARIAN"; pokokBln: number; tTransport: number; tMakan: number; ... 23 more ...; bankRekName?: string | ... 1 more ... | undefined; }, any, TFieldValues> | undefined' is not assignable to type 'Resolver<{ emplId: string; nama: string; kdSex: "LAKILAKI" | "PEREMPUAN"; kdSts: "AKTIF" | "TIDAK_AKTIF"; kdJns: "TETAP" | "KONTRAK" | "HARIAN"; pokokBln: number; tTransport: number; tMakan: number; ... 23 more ...; bankRekName?: string | ... 1 more ... | undefined; }, any, { ...; }> | undefined'.
      Type 'Resolver<{ emplId: string; nama: string; kdSex: "LAKILAKI" | "PEREMPUAN"; kdSts: "AKTIF" | "TIDAK_AKTIF"; kdJns: "TETAP" | "KONTRAK" | "HARIAN"; pokokBln: number; tTransport: number; tMakan: number; ... 23 more ...; bankRekName?: string | ... 1 more ... | undefined; }, any, TFieldValues>' is not assignable to type 'Resolver<{ emplId: string; nama: string; kdSex: "LAKILAKI" | "PEREMPUAN"; kdSts: "AKTIF" | "TIDAK_AKTIF"; kdJns: "TETAP" | "KONTRAK" | "HARIAN"; pokokBln: number; tTransport: number; tMakan: number; ... 23 more ...; bankRekName?: string | ... 1 more ... | undefined; }, any, { ...; }>'.
        Type 'ResolverResult<{ emplId: string; nama: string; kdSex: "LAKILAKI" | "PEREMPUAN"; kdSts: "AKTIF" | "TIDAK_AKTIF"; kdJns: "TETAP" | "KONTRAK" | "HARIAN"; pokokBln: number; tTransport: number; tMakan: number; ... 23 more ...; bankRekName?: string | ... 1 more ... | undefined; }, TFieldValues> | Promise<...>' is not assignable to type 'ResolverResult<{ emplId: string; nama: string; kdSex: "LAKILAKI" | "PEREMPUAN"; kdSts: "AKTIF" | "TIDAK_AKTIF"; kdJns: "TETAP" | "KONTRAK" | "HARIAN"; pokokBln: number; tTransport: number; tMakan: number; ... 23 more ...; bankRekName?: string | ... 1 more ... | undefined; }, { ...; }> | Promise<...>'.
          Type 'ResolverSuccess<TFieldValues>' is not assignable to type 'ResolverResult<{ emplId: string; nama: string; kdSex: "LAKILAKI" | "PEREMPUAN"; kdSts: "AKTIF" | "TIDAK_AKTIF"; kdJns: "TETAP" | "KONTRAK" | "HARIAN"; pokokBln: number; tTransport: number; tMakan: number; ... 23 more ...; bankRekName?: string | ... 1 more ... | undefined; }, { ...; }> | Promise<...>'.
            Type 'ResolverSuccess<TFieldValues>' is not assignable to type 'ResolverSuccess<{ emplId: string; nama: string; kdSex: "LAKILAKI" | "PEREMPUAN"; kdSts: "AKTIF" | "TIDAK_AKTIF"; kdJns: "TETAP" | "KONTRAK" | "HARIAN"; pokokBln: number; tTransport: number; tMakan: number; ... 23 more ...; bankRekName?: string | ... 1 more ... | undefined; }>'.
              Type 'TFieldValues' is not assignable to type '{ emplId: string; nama: string; kdSex: "LAKILAKI" | "PEREMPUAN"; kdSts: "AKTIF" | "TIDAK_AKTIF"; kdJns: "TETAP" | "KONTRAK" | "HARIAN"; pokokBln: number; tTransport: number; tMakan: number; ... 23 more ...; bankRekName?: string | ... 1 more ... | undefined; }'.
                Type 'FieldValues' is missing the following properties from type '{ emplId: string; nama: string; kdSex: "LAKILAKI" | "PEREMPUAN"; kdSts: "AKTIF" | "TIDAK_AKTIF"; kdJns: "TETAP" | "KONTRAK" | "HARIAN"; pokokBln: number; tTransport: number; tMakan: number; ... 23 more ...; bankRekName?: string | ... 1 more ... | undefined; }': emplId, nama, kdSex, kdSts, and 13 more.
components/employees/EmployeeDialog.tsx(583,45): error TS2322: Type 'Control<{ emplId: string; nama: string; kdSex: "LAKILAKI" | "PEREMPUAN"; kdSts: "AKTIF" | "TIDAK_AKTIF"; kdJns: "TETAP" | "KONTRAK" | "HARIAN"; pokokBln: number; tTransport: number; tMakan: number; ... 23 more ...; bankRekName?: string | ... 1 more ... | undefined; }, any, TFieldValues>' is not assignable to type 'Control<{ emplId: string; nama: string; kdSex: "LAKILAKI" | "PEREMPUAN"; kdSts: "AKTIF" | "TIDAK_AKTIF"; kdJns: "TETAP" | "KONTRAK" | "HARIAN"; pokokBln: number; tTransport: number; tMakan: number; ... 23 more ...; bankRekName?: string | ... 1 more ... | undefined; }, any, { ...; }>'.
  The types of '_options.resolver' are incompatible between these types.
    Type 'Resolver<{ emplId: string; nama: string; kdSex: "LAKILAKI" | "PEREMPUAN"; kdSts: "AKTIF" | "TIDAK_AKTIF"; kdJns: "TETAP" | "KONTRAK" | "HARIAN"; pokokBln: number; tTransport: number; tMakan: number; ... 23 more ...; bankRekName?: string | ... 1 more ... | undefined; }, any, TFieldValues> | undefined' is not assignable to type 'Resolver<{ emplId: string; nama: string; kdSex: "LAKILAKI" | "PEREMPUAN"; kdSts: "AKTIF" | "TIDAK_AKTIF"; kdJns: "TETAP" | "KONTRAK" | "HARIAN"; pokokBln: number; tTransport: number; tMakan: number; ... 23 more ...; bankRekName?: string | ... 1 more ... | undefined; }, any, { ...; }> | undefined'.
      Type 'Resolver<{ emplId: string; nama: string; kdSex: "LAKILAKI" | "PEREMPUAN"; kdSts: "AKTIF" | "TIDAK_AKTIF"; kdJns: "TETAP" | "KONTRAK" | "HARIAN"; pokokBln: number; tTransport: number; tMakan: number; ... 23 more ...; bankRekName?: string | ... 1 more ... | undefined; }, any, TFieldValues>' is not assignable to type 'Resolver<{ emplId: string; nama: string; kdSex: "LAKILAKI" | "PEREMPUAN"; kdSts: "AKTIF" | "TIDAK_AKTIF"; kdJns: "TETAP" | "KONTRAK" | "HARIAN"; pokokBln: number; tTransport: number; tMakan: number; ... 23 more ...; bankRekName?: string | ... 1 more ... | undefined; }, any, { ...; }>'.
        Type 'ResolverResult<{ emplId: string; nama: string; kdSex: "LAKILAKI" | "PEREMPUAN"; kdSts: "AKTIF" | "TIDAK_AKTIF"; kdJns: "TETAP" | "KONTRAK" | "HARIAN"; pokokBln: number; tTransport: number; tMakan: number; ... 23 more ...; bankRekName?: string | ... 1 more ... | undefined; }, TFieldValues> | Promise<...>' is not assignable to type 'ResolverResult<{ emplId: string; nama: string; kdSex: "LAKILAKI" | "PEREMPUAN"; kdSts: "AKTIF" | "TIDAK_AKTIF"; kdJns: "TETAP" | "KONTRAK" | "HARIAN"; pokokBln: number; tTransport: number; tMakan: number; ... 23 more ...; bankRekName?: string | ... 1 more ... | undefined; }, { ...; }> | Promise<...>'.
          Type 'ResolverSuccess<TFieldValues>' is not assignable to type 'ResolverResult<{ emplId: string; nama: string; kdSex: "LAKILAKI" | "PEREMPUAN"; kdSts: "AKTIF" | "TIDAK_AKTIF"; kdJns: "TETAP" | "KONTRAK" | "HARIAN"; pokokBln: number; tTransport: number; tMakan: number; ... 23 more ...; bankRekName?: string | ... 1 more ... | undefined; }, { ...; }> | Promise<...>'.
            Type 'ResolverSuccess<TFieldValues>' is not assignable to type 'ResolverSuccess<{ emplId: string; nama: string; kdSex: "LAKILAKI" | "PEREMPUAN"; kdSts: "AKTIF" | "TIDAK_AKTIF"; kdJns: "TETAP" | "KONTRAK" | "HARIAN"; pokokBln: number; tTransport: number; tMakan: number; ... 23 more ...; bankRekName?: string | ... 1 more ... | undefined; }>'.
              Type 'TFieldValues' is not assignable to type '{ emplId: string; nama: string; kdSex: "LAKILAKI" | "PEREMPUAN"; kdSts: "AKTIF" | "TIDAK_AKTIF"; kdJns: "TETAP" | "KONTRAK" | "HARIAN"; pokokBln: number; tTransport: number; tMakan: number; ... 23 more ...; bankRekName?: string | ... 1 more ... | undefined; }'.
                Type 'FieldValues' is missing the following properties from type '{ emplId: string; nama: string; kdSex: "LAKILAKI" | "PEREMPUAN"; kdSts: "AKTIF" | "TIDAK_AKTIF"; kdJns: "TETAP" | "KONTRAK" | "HARIAN"; pokokBln: number; tTransport: number; tMakan: number; ... 23 more ...; bankRekName?: string | ... 1 more ... | undefined; }': emplId, nama, kdSex, kdSts, and 13 more.
components/employees/EmployeeDialog.tsx(593,45): error TS2322: Type 'Control<{ emplId: string; nama: string; kdSex: "LAKILAKI" | "PEREMPUAN"; kdSts: "AKTIF" | "TIDAK_AKTIF"; kdJns: "TETAP" | "KONTRAK" | "HARIAN"; pokokBln: number; tTransport: number; tMakan: number; ... 23 more ...; bankRekName?: string | ... 1 more ... | undefined; }, any, TFieldValues>' is not assignable to type 'Control<{ emplId: string; nama: string; kdSex: "LAKILAKI" | "PEREMPUAN"; kdSts: "AKTIF" | "TIDAK_AKTIF"; kdJns: "TETAP" | "KONTRAK" | "HARIAN"; pokokBln: number; tTransport: number; tMakan: number; ... 23 more ...; bankRekName?: string | ... 1 more ... | undefined; }, any, { ...; }>'.
  The types of '_options.resolver' are incompatible between these types.
    Type 'Resolver<{ emplId: string; nama: string; kdSex: "LAKILAKI" | "PEREMPUAN"; kdSts: "AKTIF" | "TIDAK_AKTIF"; kdJns: "TETAP" | "KONTRAK" | "HARIAN"; pokokBln: number; tTransport: number; tMakan: number; ... 23 more ...; bankRekName?: string | ... 1 more ... | undefined; }, any, TFieldValues> | undefined' is not assignable to type 'Resolver<{ emplId: string; nama: string; kdSex: "LAKILAKI" | "PEREMPUAN"; kdSts: "AKTIF" | "TIDAK_AKTIF"; kdJns: "TETAP" | "KONTRAK" | "HARIAN"; pokokBln: number; tTransport: number; tMakan: number; ... 23 more ...; bankRekName?: string | ... 1 more ... | undefined; }, any, { ...; }> | undefined'.
      Type 'Resolver<{ emplId: string; nama: string; kdSex: "LAKILAKI" | "PEREMPUAN"; kdSts: "AKTIF" | "TIDAK_AKTIF"; kdJns: "TETAP" | "KONTRAK" | "HARIAN"; pokokBln: number; tTransport: number; tMakan: number; ... 23 more ...; bankRekName?: string | ... 1 more ... | undefined; }, any, TFieldValues>' is not assignable to type 'Resolver<{ emplId: string; nama: string; kdSex: "LAKILAKI" | "PEREMPUAN"; kdSts: "AKTIF" | "TIDAK_AKTIF"; kdJns: "TETAP" | "KONTRAK" | "HARIAN"; pokokBln: number; tTransport: number; tMakan: number; ... 23 more ...; bankRekName?: string | ... 1 more ... | undefined; }, any, { ...; }>'.
        Type 'ResolverResult<{ emplId: string; nama: string; kdSex: "LAKILAKI" | "PEREMPUAN"; kdSts: "AKTIF" | "TIDAK_AKTIF"; kdJns: "TETAP" | "KONTRAK" | "HARIAN"; pokokBln: number; tTransport: number; tMakan: number; ... 23 more ...; bankRekName?: string | ... 1 more ... | undefined; }, TFieldValues> | Promise<...>' is not assignable to type 'ResolverResult<{ emplId: string; nama: string; kdSex: "LAKILAKI" | "PEREMPUAN"; kdSts: "AKTIF" | "TIDAK_AKTIF"; kdJns: "TETAP" | "KONTRAK" | "HARIAN"; pokokBln: number; tTransport: number; tMakan: number; ... 23 more ...; bankRekName?: string | ... 1 more ... | undefined; }, { ...; }> | Promise<...>'.
          Type 'ResolverSuccess<TFieldValues>' is not assignable to type 'ResolverResult<{ emplId: string; nama: string; kdSex: "LAKILAKI" | "PEREMPUAN"; kdSts: "AKTIF" | "TIDAK_AKTIF"; kdJns: "TETAP" | "KONTRAK" | "HARIAN"; pokokBln: number; tTransport: number; tMakan: number; ... 23 more ...; bankRekName?: string | ... 1 more ... | undefined; }, { ...; }> | Promise<...>'.
            Type 'ResolverSuccess<TFieldValues>' is not assignable to type 'ResolverSuccess<{ emplId: string; nama: string; kdSex: "LAKILAKI" | "PEREMPUAN"; kdSts: "AKTIF" | "TIDAK_AKTIF"; kdJns: "TETAP" | "KONTRAK" | "HARIAN"; pokokBln: number; tTransport: number; tMakan: number; ... 23 more ...; bankRekName?: string | ... 1 more ... | undefined; }>'.
              Type 'TFieldValues' is not assignable to type '{ emplId: string; nama: string; kdSex: "LAKILAKI" | "PEREMPUAN"; kdSts: "AKTIF" | "TIDAK_AKTIF"; kdJns: "TETAP" | "KONTRAK" | "HARIAN"; pokokBln: number; tTransport: number; tMakan: number; ... 23 more ...; bankRekName?: string | ... 1 more ... | undefined; }'.
                Type 'FieldValues' is missing the following properties from type '{ emplId: string; nama: string; kdSex: "LAKILAKI" | "PEREMPUAN"; kdSts: "AKTIF" | "TIDAK_AKTIF"; kdJns: "TETAP" | "KONTRAK" | "HARIAN"; pokokBln: number; tTransport: number; tMakan: number; ... 23 more ...; bankRekName?: string | ... 1 more ... | undefined; }': emplId, nama, kdSex, kdSts, and 13 more.
components/employees/EmployeeDialog.tsx(603,45): error TS2322: Type 'Control<{ emplId: string; nama: string; kdSex: "LAKILAKI" | "PEREMPUAN"; kdSts: "AKTIF" | "TIDAK_AKTIF"; kdJns: "TETAP" | "KONTRAK" | "HARIAN"; pokokBln: number; tTransport: number; tMakan: number; ... 23 more ...; bankRekName?: string | ... 1 more ... | undefined; }, any, TFieldValues>' is not assignable to type 'Control<{ emplId: string; nama: string; kdSex: "LAKILAKI" | "PEREMPUAN"; kdSts: "AKTIF" | "TIDAK_AKTIF"; kdJns: "TETAP" | "KONTRAK" | "HARIAN"; pokokBln: number; tTransport: number; tMakan: number; ... 23 more ...; bankRekName?: string | ... 1 more ... | undefined; }, any, { ...; }>'.
  The types of '_options.resolver' are incompatible between these types.
    Type 'Resolver<{ emplId: string; nama: string; kdSex: "LAKILAKI" | "PEREMPUAN"; kdSts: "AKTIF" | "TIDAK_AKTIF"; kdJns: "TETAP" | "KONTRAK" | "HARIAN"; pokokBln: number; tTransport: number; tMakan: number; ... 23 more ...; bankRekName?: string | ... 1 more ... | undefined; }, any, TFieldValues> | undefined' is not assignable to type 'Resolver<{ emplId: string; nama: string; kdSex: "LAKILAKI" | "PEREMPUAN"; kdSts: "AKTIF" | "TIDAK_AKTIF"; kdJns: "TETAP" | "KONTRAK" | "HARIAN"; pokokBln: number; tTransport: number; tMakan: number; ... 23 more ...; bankRekName?: string | ... 1 more ... | undefined; }, any, { ...; }> | undefined'.
      Type 'Resolver<{ emplId: string; nama: string; kdSex: "LAKILAKI" | "PEREMPUAN"; kdSts: "AKTIF" | "TIDAK_AKTIF"; kdJns: "TETAP" | "KONTRAK" | "HARIAN"; pokokBln: number; tTransport: number; tMakan: number; ... 23 more ...; bankRekName?: string | ... 1 more ... | undefined; }, any, TFieldValues>' is not assignable to type 'Resolver<{ emplId: string; nama: string; kdSex: "LAKILAKI" | "PEREMPUAN"; kdSts: "AKTIF" | "TIDAK_AKTIF"; kdJns: "TETAP" | "KONTRAK" | "HARIAN"; pokokBln: number; tTransport: number; tMakan: number; ... 23 more ...; bankRekName?: string | ... 1 more ... | undefined; }, any, { ...; }>'.
        Type 'ResolverResult<{ emplId: string; nama: string; kdSex: "LAKILAKI" | "PEREMPUAN"; kdSts: "AKTIF" | "TIDAK_AKTIF"; kdJns: "TETAP" | "KONTRAK" | "HARIAN"; pokokBln: number; tTransport: number; tMakan: number; ... 23 more ...; bankRekName?: string | ... 1 more ... | undefined; }, TFieldValues> | Promise<...>' is not assignable to type 'ResolverResult<{ emplId: string; nama: string; kdSex: "LAKILAKI" | "PEREMPUAN"; kdSts: "AKTIF" | "TIDAK_AKTIF"; kdJns: "TETAP" | "KONTRAK" | "HARIAN"; pokokBln: number; tTransport: number; tMakan: number; ... 23 more ...; bankRekName?: string | ... 1 more ... | undefined; }, { ...; }> | Promise<...>'.
          Type 'ResolverSuccess<TFieldValues>' is not assignable to type 'ResolverResult<{ emplId: string; nama: string; kdSex: "LAKILAKI" | "PEREMPUAN"; kdSts: "AKTIF" | "TIDAK_AKTIF"; kdJns: "TETAP" | "KONTRAK" | "HARIAN"; pokokBln: number; tTransport: number; tMakan: number; ... 23 more ...; bankRekName?: string | ... 1 more ... | undefined; }, { ...; }> | Promise<...>'.
            Type 'ResolverSuccess<TFieldValues>' is not assignable to type 'ResolverSuccess<{ emplId: string; nama: string; kdSex: "LAKILAKI" | "PEREMPUAN"; kdSts: "AKTIF" | "TIDAK_AKTIF"; kdJns: "TETAP" | "KONTRAK" | "HARIAN"; pokokBln: number; tTransport: number; tMakan: number; ... 23 more ...; bankRekName?: string | ... 1 more ... | undefined; }>'.
              Type 'TFieldValues' is not assignable to type '{ emplId: string; nama: string; kdSex: "LAKILAKI" | "PEREMPUAN"; kdSts: "AKTIF" | "TIDAK_AKTIF"; kdJns: "TETAP" | "KONTRAK" | "HARIAN"; pokokBln: number; tTransport: number; tMakan: number; ... 23 more ...; bankRekName?: string | ... 1 more ... | undefined; }'.
                Type 'FieldValues' is missing the following properties from type '{ emplId: string; nama: string; kdSex: "LAKILAKI" | "PEREMPUAN"; kdSts: "AKTIF" | "TIDAK_AKTIF"; kdJns: "TETAP" | "KONTRAK" | "HARIAN"; pokokBln: number; tTransport: number; tMakan: number; ... 23 more ...; bankRekName?: string | ... 1 more ... | undefined; }': emplId, nama, kdSex, kdSts, and 13 more.
components/employees/EmployeeDialog.tsx(613,45): error TS2322: Type 'Control<{ emplId: string; nama: string; kdSex: "LAKILAKI" | "PEREMPUAN"; kdSts: "AKTIF" | "TIDAK_AKTIF"; kdJns: "TETAP" | "KONTRAK" | "HARIAN"; pokokBln: number; tTransport: number; tMakan: number; ... 23 more ...; bankRekName?: string | ... 1 more ... | undefined; }, any, TFieldValues>' is not assignable to type 'Control<{ emplId: string; nama: string; kdSex: "LAKILAKI" | "PEREMPUAN"; kdSts: "AKTIF" | "TIDAK_AKTIF"; kdJns: "TETAP" | "KONTRAK" | "HARIAN"; pokokBln: number; tTransport: number; tMakan: number; ... 23 more ...; bankRekName?: string | ... 1 more ... | undefined; }, any, { ...; }>'.
  The types of '_options.resolver' are incompatible between these types.
    Type 'Resolver<{ emplId: string; nama: string; kdSex: "LAKILAKI" | "PEREMPUAN"; kdSts: "AKTIF" | "TIDAK_AKTIF"; kdJns: "TETAP" | "KONTRAK" | "HARIAN"; pokokBln: number; tTransport: number; tMakan: number; ... 23 more ...; bankRekName?: string | ... 1 more ... | undefined; }, any, TFieldValues> | undefined' is not assignable to type 'Resolver<{ emplId: string; nama: string; kdSex: "LAKILAKI" | "PEREMPUAN"; kdSts: "AKTIF" | "TIDAK_AKTIF"; kdJns: "TETAP" | "KONTRAK" | "HARIAN"; pokokBln: number; tTransport: number; tMakan: number; ... 23 more ...; bankRekName?: string | ... 1 more ... | undefined; }, any, { ...; }> | undefined'.
      Type 'Resolver<{ emplId: string; nama: string; kdSex: "LAKILAKI" | "PEREMPUAN"; kdSts: "AKTIF" | "TIDAK_AKTIF"; kdJns: "TETAP" | "KONTRAK" | "HARIAN"; pokokBln: number; tTransport: number; tMakan: number; ... 23 more ...; bankRekName?: string | ... 1 more ... | undefined; }, any, TFieldValues>' is not assignable to type 'Resolver<{ emplId: string; nama: string; kdSex: "LAKILAKI" | "PEREMPUAN"; kdSts: "AKTIF" | "TIDAK_AKTIF"; kdJns: "TETAP" | "KONTRAK" | "HARIAN"; pokokBln: number; tTransport: number; tMakan: number; ... 23 more ...; bankRekName?: string | ... 1 more ... | undefined; }, any, { ...; }>'.
        Type 'ResolverResult<{ emplId: string; nama: string; kdSex: "LAKILAKI" | "PEREMPUAN"; kdSts: "AKTIF" | "TIDAK_AKTIF"; kdJns: "TETAP" | "KONTRAK" | "HARIAN"; pokokBln: number; tTransport: number; tMakan: number; ... 23 more ...; bankRekName?: string | ... 1 more ... | undefined; }, TFieldValues> | Promise<...>' is not assignable to type 'ResolverResult<{ emplId: string; nama: string; kdSex: "LAKILAKI" | "PEREMPUAN"; kdSts: "AKTIF" | "TIDAK_AKTIF"; kdJns: "TETAP" | "KONTRAK" | "HARIAN"; pokokBln: number; tTransport: number; tMakan: number; ... 23 more ...; bankRekName?: string | ... 1 more ... | undefined; }, { ...; }> | Promise<...>'.
          Type 'ResolverSuccess<TFieldValues>' is not assignable to type 'ResolverResult<{ emplId: string; nama: string; kdSex: "LAKILAKI" | "PEREMPUAN"; kdSts: "AKTIF" | "TIDAK_AKTIF"; kdJns: "TETAP" | "KONTRAK" | "HARIAN"; pokokBln: number; tTransport: number; tMakan: number; ... 23 more ...; bankRekName?: string | ... 1 more ... | undefined; }, { ...; }> | Promise<...>'.
            Type 'ResolverSuccess<TFieldValues>' is not assignable to type 'ResolverSuccess<{ emplId: string; nama: string; kdSex: "LAKILAKI" | "PEREMPUAN"; kdSts: "AKTIF" | "TIDAK_AKTIF"; kdJns: "TETAP" | "KONTRAK" | "HARIAN"; pokokBln: number; tTransport: number; tMakan: number; ... 23 more ...; bankRekName?: string | ... 1 more ... | undefined; }>'.
              Type 'TFieldValues' is not assignable to type '{ emplId: string; nama: string; kdSex: "LAKILAKI" | "PEREMPUAN"; kdSts: "AKTIF" | "TIDAK_AKTIF"; kdJns: "TETAP" | "KONTRAK" | "HARIAN"; pokokBln: number; tTransport: number; tMakan: number; ... 23 more ...; bankRekName?: string | ... 1 more ... | undefined; }'.
                Type 'FieldValues' is missing the following properties from type '{ emplId: string; nama: string; kdSex: "LAKILAKI" | "PEREMPUAN"; kdSts: "AKTIF" | "TIDAK_AKTIF"; kdJns: "TETAP" | "KONTRAK" | "HARIAN"; pokokBln: number; tTransport: number; tMakan: number; ... 23 more ...; bankRekName?: string | ... 1 more ... | undefined; }': emplId, nama, kdSex, kdSts, and 13 more.
components/employees/EmployeeDialog.tsx(623,45): error TS2322: Type 'Control<{ emplId: string; nama: string; kdSex: "LAKILAKI" | "PEREMPUAN"; kdSts: "AKTIF" | "TIDAK_AKTIF"; kdJns: "TETAP" | "KONTRAK" | "HARIAN"; pokokBln: number; tTransport: number; tMakan: number; ... 23 more ...; bankRekName?: string | ... 1 more ... | undefined; }, any, TFieldValues>' is not assignable to type 'Control<{ emplId: string; nama: string; kdSex: "LAKILAKI" | "PEREMPUAN"; kdSts: "AKTIF" | "TIDAK_AKTIF"; kdJns: "TETAP" | "KONTRAK" | "HARIAN"; pokokBln: number; tTransport: number; tMakan: number; ... 23 more ...; bankRekName?: string | ... 1 more ... | undefined; }, any, { ...; }>'.
  The types of '_options.resolver' are incompatible between these types.
    Type 'Resolver<{ emplId: string; nama: string; kdSex: "LAKILAKI" | "PEREMPUAN"; kdSts: "AKTIF" | "TIDAK_AKTIF"; kdJns: "TETAP" | "KONTRAK" | "HARIAN"; pokokBln: number; tTransport: number; tMakan: number; ... 23 more ...; bankRekName?: string | ... 1 more ... | undefined; }, any, TFieldValues> | undefined' is not assignable to type 'Resolver<{ emplId: string; nama: string; kdSex: "LAKILAKI" | "PEREMPUAN"; kdSts: "AKTIF" | "TIDAK_AKTIF"; kdJns: "TETAP" | "KONTRAK" | "HARIAN"; pokokBln: number; tTransport: number; tMakan: number; ... 23 more ...; bankRekName?: string | ... 1 more ... | undefined; }, any, { ...; }> | undefined'.
      Type 'Resolver<{ emplId: string; nama: string; kdSex: "LAKILAKI" | "PEREMPUAN"; kdSts: "AKTIF" | "TIDAK_AKTIF"; kdJns: "TETAP" | "KONTRAK" | "HARIAN"; pokokBln: number; tTransport: number; tMakan: number; ... 23 more ...; bankRekName?: string | ... 1 more ... | undefined; }, any, TFieldValues>' is not assignable to type 'Resolver<{ emplId: string; nama: string; kdSex: "LAKILAKI" | "PEREMPUAN"; kdSts: "AKTIF" | "TIDAK_AKTIF"; kdJns: "TETAP" | "KONTRAK" | "HARIAN"; pokokBln: number; tTransport: number; tMakan: number; ... 23 more ...; bankRekName?: string | ... 1 more ... | undefined; }, any, { ...; }>'.
        Type 'ResolverResult<{ emplId: string; nama: string; kdSex: "LAKILAKI" | "PEREMPUAN"; kdSts: "AKTIF" | "TIDAK_AKTIF"; kdJns: "TETAP" | "KONTRAK" | "HARIAN"; pokokBln: number; tTransport: number; tMakan: number; ... 23 more ...; bankRekName?: string | ... 1 more ... | undefined; }, TFieldValues> | Promise<...>' is not assignable to type 'ResolverResult<{ emplId: string; nama: string; kdSex: "LAKILAKI" | "PEREMPUAN"; kdSts: "AKTIF" | "TIDAK_AKTIF"; kdJns: "TETAP" | "KONTRAK" | "HARIAN"; pokokBln: number; tTransport: number; tMakan: number; ... 23 more ...; bankRekName?: string | ... 1 more ... | undefined; }, { ...; }> | Promise<...>'.
          Type 'ResolverSuccess<TFieldValues>' is not assignable to type 'ResolverResult<{ emplId: string; nama: string; kdSex: "LAKILAKI" | "PEREMPUAN"; kdSts: "AKTIF" | "TIDAK_AKTIF"; kdJns: "TETAP" | "KONTRAK" | "HARIAN"; pokokBln: number; tTransport: number; tMakan: number; ... 23 more ...; bankRekName?: string | ... 1 more ... | undefined; }, { ...; }> | Promise<...>'.
            Type 'ResolverSuccess<TFieldValues>' is not assignable to type 'ResolverSuccess<{ emplId: string; nama: string; kdSex: "LAKILAKI" | "PEREMPUAN"; kdSts: "AKTIF" | "TIDAK_AKTIF"; kdJns: "TETAP" | "KONTRAK" | "HARIAN"; pokokBln: number; tTransport: number; tMakan: number; ... 23 more ...; bankRekName?: string | ... 1 more ... | undefined; }>'.
              Type 'TFieldValues' is not assignable to type '{ emplId: string; nama: string; kdSex: "LAKILAKI" | "PEREMPUAN"; kdSts: "AKTIF" | "TIDAK_AKTIF"; kdJns: "TETAP" | "KONTRAK" | "HARIAN"; pokokBln: number; tTransport: number; tMakan: number; ... 23 more ...; bankRekName?: string | ... 1 more ... | undefined; }'.
                Type 'FieldValues' is missing the following properties from type '{ emplId: string; nama: string; kdSex: "LAKILAKI" | "PEREMPUAN"; kdSts: "AKTIF" | "TIDAK_AKTIF"; kdJns: "TETAP" | "KONTRAK" | "HARIAN"; pokokBln: number; tTransport: number; tMakan: number; ... 23 more ...; bankRekName?: string | ... 1 more ... | undefined; }': emplId, nama, kdSex, kdSts, and 13 more.
components/employees/EmployeeDialog.tsx(633,45): error TS2322: Type 'Control<{ emplId: string; nama: string; kdSex: "LAKILAKI" | "PEREMPUAN"; kdSts: "AKTIF" | "TIDAK_AKTIF"; kdJns: "TETAP" | "KONTRAK" | "HARIAN"; pokokBln: number; tTransport: number; tMakan: number; ... 23 more ...; bankRekName?: string | ... 1 more ... | undefined; }, any, TFieldValues>' is not assignable to type 'Control<{ emplId: string; nama: string; kdSex: "LAKILAKI" | "PEREMPUAN"; kdSts: "AKTIF" | "TIDAK_AKTIF"; kdJns: "TETAP" | "KONTRAK" | "HARIAN"; pokokBln: number; tTransport: number; tMakan: number; ... 23 more ...; bankRekName?: string | ... 1 more ... | undefined; }, any, { ...; }>'.
  The types of '_options.resolver' are incompatible between these types.
    Type 'Resolver<{ emplId: string; nama: string; kdSex: "LAKILAKI" | "PEREMPUAN"; kdSts: "AKTIF" | "TIDAK_AKTIF"; kdJns: "TETAP" | "KONTRAK" | "HARIAN"; pokokBln: number; tTransport: number; tMakan: number; ... 23 more ...; bankRekName?: string | ... 1 more ... | undefined; }, any, TFieldValues> | undefined' is not assignable to type 'Resolver<{ emplId: string; nama: string; kdSex: "LAKILAKI" | "PEREMPUAN"; kdSts: "AKTIF" | "TIDAK_AKTIF"; kdJns: "TETAP" | "KONTRAK" | "HARIAN"; pokokBln: number; tTransport: number; tMakan: number; ... 23 more ...; bankRekName?: string | ... 1 more ... | undefined; }, any, { ...; }> | undefined'.
      Type 'Resolver<{ emplId: string; nama: string; kdSex: "LAKILAKI" | "PEREMPUAN"; kdSts: "AKTIF" | "TIDAK_AKTIF"; kdJns: "TETAP" | "KONTRAK" | "HARIAN"; pokokBln: number; tTransport: number; tMakan: number; ... 23 more ...; bankRekName?: string | ... 1 more ... | undefined; }, any, TFieldValues>' is not assignable to type 'Resolver<{ emplId: string; nama: string; kdSex: "LAKILAKI" | "PEREMPUAN"; kdSts: "AKTIF" | "TIDAK_AKTIF"; kdJns: "TETAP" | "KONTRAK" | "HARIAN"; pokokBln: number; tTransport: number; tMakan: number; ... 23 more ...; bankRekName?: string | ... 1 more ... | undefined; }, any, { ...; }>'.
        Type 'ResolverResult<{ emplId: string; nama: string; kdSex: "LAKILAKI" | "PEREMPUAN"; kdSts: "AKTIF" | "TIDAK_AKTIF"; kdJns: "TETAP" | "KONTRAK" | "HARIAN"; pokokBln: number; tTransport: number; tMakan: number; ... 23 more ...; bankRekName?: string | ... 1 more ... | undefined; }, TFieldValues> | Promise<...>' is not assignable to type 'ResolverResult<{ emplId: string; nama: string; kdSex: "LAKILAKI" | "PEREMPUAN"; kdSts: "AKTIF" | "TIDAK_AKTIF"; kdJns: "TETAP" | "KONTRAK" | "HARIAN"; pokokBln: number; tTransport: number; tMakan: number; ... 23 more ...; bankRekName?: string | ... 1 more ... | undefined; }, { ...; }> | Promise<...>'.
          Type 'ResolverSuccess<TFieldValues>' is not assignable to type 'ResolverResult<{ emplId: string; nama: string; kdSex: "LAKILAKI" | "PEREMPUAN"; kdSts: "AKTIF" | "TIDAK_AKTIF"; kdJns: "TETAP" | "KONTRAK" | "HARIAN"; pokokBln: number; tTransport: number; tMakan: number; ... 23 more ...; bankRekName?: string | ... 1 more ... | undefined; }, { ...; }> | Promise<...>'.
            Type 'ResolverSuccess<TFieldValues>' is not assignable to type 'ResolverSuccess<{ emplId: string; nama: string; kdSex: "LAKILAKI" | "PEREMPUAN"; kdSts: "AKTIF" | "TIDAK_AKTIF"; kdJns: "TETAP" | "KONTRAK" | "HARIAN"; pokokBln: number; tTransport: number; tMakan: number; ... 23 more ...; bankRekName?: string | ... 1 more ... | undefined; }>'.
              Type 'TFieldValues' is not assignable to type '{ emplId: string; nama: string; kdSex: "LAKILAKI" | "PEREMPUAN"; kdSts: "AKTIF" | "TIDAK_AKTIF"; kdJns: "TETAP" | "KONTRAK" | "HARIAN"; pokokBln: number; tTransport: number; tMakan: number; ... 23 more ...; bankRekName?: string | ... 1 more ... | undefined; }'.
                Type 'FieldValues' is missing the following properties from type '{ emplId: string; nama: string; kdSex: "LAKILAKI" | "PEREMPUAN"; kdSts: "AKTIF" | "TIDAK_AKTIF"; kdJns: "TETAP" | "KONTRAK" | "HARIAN"; pokokBln: number; tTransport: number; tMakan: number; ... 23 more ...; bankRekName?: string | ... 1 more ... | undefined; }': emplId, nama, kdSex, kdSts, and 13 more.
components/employees/EmployeeDialog.tsx(643,45): error TS2322: Type 'Control<{ emplId: string; nama: string; kdSex: "LAKILAKI" | "PEREMPUAN"; kdSts: "AKTIF" | "TIDAK_AKTIF"; kdJns: "TETAP" | "KONTRAK" | "HARIAN"; pokokBln: number; tTransport: number; tMakan: number; ... 23 more ...; bankRekName?: string | ... 1 more ... | undefined; }, any, TFieldValues>' is not assignable to type 'Control<{ emplId: string; nama: string; kdSex: "LAKILAKI" | "PEREMPUAN"; kdSts: "AKTIF" | "TIDAK_AKTIF"; kdJns: "TETAP" | "KONTRAK" | "HARIAN"; pokokBln: number; tTransport: number; tMakan: number; ... 23 more ...; bankRekName?: string | ... 1 more ... | undefined; }, any, { ...; }>'.
  The types of '_options.resolver' are incompatible between these types.
    Type 'Resolver<{ emplId: string; nama: string; kdSex: "LAKILAKI" | "PEREMPUAN"; kdSts: "AKTIF" | "TIDAK_AKTIF"; kdJns: "TETAP" | "KONTRAK" | "HARIAN"; pokokBln: number; tTransport: number; tMakan: number; ... 23 more ...; bankRekName?: string | ... 1 more ... | undefined; }, any, TFieldValues> | undefined' is not assignable to type 'Resolver<{ emplId: string; nama: string; kdSex: "LAKILAKI" | "PEREMPUAN"; kdSts: "AKTIF" | "TIDAK_AKTIF"; kdJns: "TETAP" | "KONTRAK" | "HARIAN"; pokokBln: number; tTransport: number; tMakan: number; ... 23 more ...; bankRekName?: string | ... 1 more ... | undefined; }, any, { ...; }> | undefined'.
      Type 'Resolver<{ emplId: string; nama: string; kdSex: "LAKILAKI" | "PEREMPUAN"; kdSts: "AKTIF" | "TIDAK_AKTIF"; kdJns: "TETAP" | "KONTRAK" | "HARIAN"; pokokBln: number; tTransport: number; tMakan: number; ... 23 more ...; bankRekName?: string | ... 1 more ... | undefined; }, any, TFieldValues>' is not assignable to type 'Resolver<{ emplId: string; nama: string; kdSex: "LAKILAKI" | "PEREMPUAN"; kdSts: "AKTIF" | "TIDAK_AKTIF"; kdJns: "TETAP" | "KONTRAK" | "HARIAN"; pokokBln: number; tTransport: number; tMakan: number; ... 23 more ...; bankRekName?: string | ... 1 more ... | undefined; }, any, { ...; }>'.
        Type 'ResolverResult<{ emplId: string; nama: string; kdSex: "LAKILAKI" | "PEREMPUAN"; kdSts: "AKTIF" | "TIDAK_AKTIF"; kdJns: "TETAP" | "KONTRAK" | "HARIAN"; pokokBln: number; tTransport: number; tMakan: number; ... 23 more ...; bankRekName?: string | ... 1 more ... | undefined; }, TFieldValues> | Promise<...>' is not assignable to type 'ResolverResult<{ emplId: string; nama: string; kdSex: "LAKILAKI" | "PEREMPUAN"; kdSts: "AKTIF" | "TIDAK_AKTIF"; kdJns: "TETAP" | "KONTRAK" | "HARIAN"; pokokBln: number; tTransport: number; tMakan: number; ... 23 more ...; bankRekName?: string | ... 1 more ... | undefined; }, { ...; }> | Promise<...>'.
          Type 'ResolverSuccess<TFieldValues>' is not assignable to type 'ResolverResult<{ emplId: string; nama: string; kdSex: "LAKILAKI" | "PEREMPUAN"; kdSts: "AKTIF" | "TIDAK_AKTIF"; kdJns: "TETAP" | "KONTRAK" | "HARIAN"; pokokBln: number; tTransport: number; tMakan: number; ... 23 more ...; bankRekName?: string | ... 1 more ... | undefined; }, { ...; }> | Promise<...>'.
            Type 'ResolverSuccess<TFieldValues>' is not assignable to type 'ResolverSuccess<{ emplId: string; nama: string; kdSex: "LAKILAKI" | "PEREMPUAN"; kdSts: "AKTIF" | "TIDAK_AKTIF"; kdJns: "TETAP" | "KONTRAK" | "HARIAN"; pokokBln: number; tTransport: number; tMakan: number; ... 23 more ...; bankRekName?: string | ... 1 more ... | undefined; }>'.
              Type 'TFieldValues' is not assignable to type '{ emplId: string; nama: string; kdSex: "LAKILAKI" | "PEREMPUAN"; kdSts: "AKTIF" | "TIDAK_AKTIF"; kdJns: "TETAP" | "KONTRAK" | "HARIAN"; pokokBln: number; tTransport: number; tMakan: number; ... 23 more ...; bankRekName?: string | ... 1 more ... | undefined; }'.
                Type 'FieldValues' is missing the following properties from type '{ emplId: string; nama: string; kdSex: "LAKILAKI" | "PEREMPUAN"; kdSts: "AKTIF" | "TIDAK_AKTIF"; kdJns: "TETAP" | "KONTRAK" | "HARIAN"; pokokBln: number; tTransport: number; tMakan: number; ... 23 more ...; bankRekName?: string | ... 1 more ... | undefined; }': emplId, nama, kdSex, kdSts, and 13 more.
components/employees/EmployeeDialog.tsx(653,45): error TS2322: Type 'Control<{ emplId: string; nama: string; kdSex: "LAKILAKI" | "PEREMPUAN"; kdSts: "AKTIF" | "TIDAK_AKTIF"; kdJns: "TETAP" | "KONTRAK" | "HARIAN"; pokokBln: number; tTransport: number; tMakan: number; ... 23 more ...; bankRekName?: string | ... 1 more ... | undefined; }, any, TFieldValues>' is not assignable to type 'Control<{ emplId: string; nama: string; kdSex: "LAKILAKI" | "PEREMPUAN"; kdSts: "AKTIF" | "TIDAK_AKTIF"; kdJns: "TETAP" | "KONTRAK" | "HARIAN"; pokokBln: number; tTransport: number; tMakan: number; ... 23 more ...; bankRekName?: string | ... 1 more ... | undefined; }, any, { ...; }>'.
  The types of '_options.resolver' are incompatible between these types.
    Type 'Resolver<{ emplId: string; nama: string; kdSex: "LAKILAKI" | "PEREMPUAN"; kdSts: "AKTIF" | "TIDAK_AKTIF"; kdJns: "TETAP" | "KONTRAK" | "HARIAN"; pokokBln: number; tTransport: number; tMakan: number; ... 23 more ...; bankRekName?: string | ... 1 more ... | undefined; }, any, TFieldValues> | undefined' is not assignable to type 'Resolver<{ emplId: string; nama: string; kdSex: "LAKILAKI" | "PEREMPUAN"; kdSts: "AKTIF" | "TIDAK_AKTIF"; kdJns: "TETAP" | "KONTRAK" | "HARIAN"; pokokBln: number; tTransport: number; tMakan: number; ... 23 more ...; bankRekName?: string | ... 1 more ... | undefined; }, any, { ...; }> | undefined'.
      Type 'Resolver<{ emplId: string; nama: string; kdSex: "LAKILAKI" | "PEREMPUAN"; kdSts: "AKTIF" | "TIDAK_AKTIF"; kdJns: "TETAP" | "KONTRAK" | "HARIAN"; pokokBln: number; tTransport: number; tMakan: number; ... 23 more ...; bankRekName?: string | ... 1 more ... | undefined; }, any, TFieldValues>' is not assignable to type 'Resolver<{ emplId: string; nama: string; kdSex: "LAKILAKI" | "PEREMPUAN"; kdSts: "AKTIF" | "TIDAK_AKTIF"; kdJns: "TETAP" | "KONTRAK" | "HARIAN"; pokokBln: number; tTransport: number; tMakan: number; ... 23 more ...; bankRekName?: string | ... 1 more ... | undefined; }, any, { ...; }>'.
        Type 'ResolverResult<{ emplId: string; nama: string; kdSex: "LAKILAKI" | "PEREMPUAN"; kdSts: "AKTIF" | "TIDAK_AKTIF"; kdJns: "TETAP" | "KONTRAK" | "HARIAN"; pokokBln: number; tTransport: number; tMakan: number; ... 23 more ...; bankRekName?: string | ... 1 more ... | undefined; }, TFieldValues> | Promise<...>' is not assignable to type 'ResolverResult<{ emplId: string; nama: string; kdSex: "LAKILAKI" | "PEREMPUAN"; kdSts: "AKTIF" | "TIDAK_AKTIF"; kdJns: "TETAP" | "KONTRAK" | "HARIAN"; pokokBln: number; tTransport: number; tMakan: number; ... 23 more ...; bankRekName?: string | ... 1 more ... | undefined; }, { ...; }> | Promise<...>'.
          Type 'ResolverSuccess<TFieldValues>' is not assignable to type 'ResolverResult<{ emplId: string; nama: string; kdSex: "LAKILAKI" | "PEREMPUAN"; kdSts: "AKTIF" | "TIDAK_AKTIF"; kdJns: "TETAP" | "KONTRAK" | "HARIAN"; pokokBln: number; tTransport: number; tMakan: number; ... 23 more ...; bankRekName?: string | ... 1 more ... | undefined; }, { ...; }> | Promise<...>'.
            Type 'ResolverSuccess<TFieldValues>' is not assignable to type 'ResolverSuccess<{ emplId: string; nama: string; kdSex: "LAKILAKI" | "PEREMPUAN"; kdSts: "AKTIF" | "TIDAK_AKTIF"; kdJns: "TETAP" | "KONTRAK" | "HARIAN"; pokokBln: number; tTransport: number; tMakan: number; ... 23 more ...; bankRekName?: string | ... 1 more ... | undefined; }>'.
              Type 'TFieldValues' is not assignable to type '{ emplId: string; nama: string; kdSex: "LAKILAKI" | "PEREMPUAN"; kdSts: "AKTIF" | "TIDAK_AKTIF"; kdJns: "TETAP" | "KONTRAK" | "HARIAN"; pokokBln: number; tTransport: number; tMakan: number; ... 23 more ...; bankRekName?: string | ... 1 more ... | undefined; }'.
                Type 'FieldValues' is missing the following properties from type '{ emplId: string; nama: string; kdSex: "LAKILAKI" | "PEREMPUAN"; kdSts: "AKTIF" | "TIDAK_AKTIF"; kdJns: "TETAP" | "KONTRAK" | "HARIAN"; pokokBln: number; tTransport: number; tMakan: number; ... 23 more ...; bankRekName?: string | ... 1 more ... | undefined; }': emplId, nama, kdSex, kdSts, and 13 more.
components/employees/EmployeeDialog.tsx(671,49): error TS2322: Type 'Control<{ emplId: string; nama: string; kdSex: "LAKILAKI" | "PEREMPUAN"; kdSts: "AKTIF" | "TIDAK_AKTIF"; kdJns: "TETAP" | "KONTRAK" | "HARIAN"; pokokBln: number; tTransport: number; tMakan: number; ... 23 more ...; bankRekName?: string | ... 1 more ... | undefined; }, any, TFieldValues>' is not assignable to type 'Control<{ emplId: string; nama: string; kdSex: "LAKILAKI" | "PEREMPUAN"; kdSts: "AKTIF" | "TIDAK_AKTIF"; kdJns: "TETAP" | "KONTRAK" | "HARIAN"; pokokBln: number; tTransport: number; tMakan: number; ... 23 more ...; bankRekName?: string | ... 1 more ... | undefined; }, any, { ...; }>'.
  The types of '_options.resolver' are incompatible between these types.
    Type 'Resolver<{ emplId: string; nama: string; kdSex: "LAKILAKI" | "PEREMPUAN"; kdSts: "AKTIF" | "TIDAK_AKTIF"; kdJns: "TETAP" | "KONTRAK" | "HARIAN"; pokokBln: number; tTransport: number; tMakan: number; ... 23 more ...; bankRekName?: string | ... 1 more ... | undefined; }, any, TFieldValues> | undefined' is not assignable to type 'Resolver<{ emplId: string; nama: string; kdSex: "LAKILAKI" | "PEREMPUAN"; kdSts: "AKTIF" | "TIDAK_AKTIF"; kdJns: "TETAP" | "KONTRAK" | "HARIAN"; pokokBln: number; tTransport: number; tMakan: number; ... 23 more ...; bankRekName?: string | ... 1 more ... | undefined; }, any, { ...; }> | undefined'.
      Type 'Resolver<{ emplId: string; nama: string; kdSex: "LAKILAKI" | "PEREMPUAN"; kdSts: "AKTIF" | "TIDAK_AKTIF"; kdJns: "TETAP" | "KONTRAK" | "HARIAN"; pokokBln: number; tTransport: number; tMakan: number; ... 23 more ...; bankRekName?: string | ... 1 more ... | undefined; }, any, TFieldValues>' is not assignable to type 'Resolver<{ emplId: string; nama: string; kdSex: "LAKILAKI" | "PEREMPUAN"; kdSts: "AKTIF" | "TIDAK_AKTIF"; kdJns: "TETAP" | "KONTRAK" | "HARIAN"; pokokBln: number; tTransport: number; tMakan: number; ... 23 more ...; bankRekName?: string | ... 1 more ... | undefined; }, any, { ...; }>'.
        Type 'ResolverResult<{ emplId: string; nama: string; kdSex: "LAKILAKI" | "PEREMPUAN"; kdSts: "AKTIF" | "TIDAK_AKTIF"; kdJns: "TETAP" | "KONTRAK" | "HARIAN"; pokokBln: number; tTransport: number; tMakan: number; ... 23 more ...; bankRekName?: string | ... 1 more ... | undefined; }, TFieldValues> | Promise<...>' is not assignable to type 'ResolverResult<{ emplId: string; nama: string; kdSex: "LAKILAKI" | "PEREMPUAN"; kdSts: "AKTIF" | "TIDAK_AKTIF"; kdJns: "TETAP" | "KONTRAK" | "HARIAN"; pokokBln: number; tTransport: number; tMakan: number; ... 23 more ...; bankRekName?: string | ... 1 more ... | undefined; }, { ...; }> | Promise<...>'.
          Type 'ResolverSuccess<TFieldValues>' is not assignable to type 'ResolverResult<{ emplId: string; nama: string; kdSex: "LAKILAKI" | "PEREMPUAN"; kdSts: "AKTIF" | "TIDAK_AKTIF"; kdJns: "TETAP" | "KONTRAK" | "HARIAN"; pokokBln: number; tTransport: number; tMakan: number; ... 23 more ...; bankRekName?: string | ... 1 more ... | undefined; }, { ...; }> | Promise<...>'.
            Type 'ResolverSuccess<TFieldValues>' is not assignable to type 'ResolverSuccess<{ emplId: string; nama: string; kdSex: "LAKILAKI" | "PEREMPUAN"; kdSts: "AKTIF" | "TIDAK_AKTIF"; kdJns: "TETAP" | "KONTRAK" | "HARIAN"; pokokBln: number; tTransport: number; tMakan: number; ... 23 more ...; bankRekName?: string | ... 1 more ... | undefined; }>'.
              Type 'TFieldValues' is not assignable to type '{ emplId: string; nama: string; kdSex: "LAKILAKI" | "PEREMPUAN"; kdSts: "AKTIF" | "TIDAK_AKTIF"; kdJns: "TETAP" | "KONTRAK" | "HARIAN"; pokokBln: number; tTransport: number; tMakan: number; ... 23 more ...; bankRekName?: string | ... 1 more ... | undefined; }'.
                Type 'FieldValues' is missing the following properties from type '{ emplId: string; nama: string; kdSex: "LAKILAKI" | "PEREMPUAN"; kdSts: "AKTIF" | "TIDAK_AKTIF"; kdJns: "TETAP" | "KONTRAK" | "HARIAN"; pokokBln: number; tTransport: number; tMakan: number; ... 23 more ...; bankRekName?: string | ... 1 more ... | undefined; }': emplId, nama, kdSex, kdSts, and 13 more.
components/employees/EmployeeDialog.tsx(684,49): error TS2322: Type 'Control<{ emplId: string; nama: string; kdSex: "LAKILAKI" | "PEREMPUAN"; kdSts: "AKTIF" | "TIDAK_AKTIF"; kdJns: "TETAP" | "KONTRAK" | "HARIAN"; pokokBln: number; tTransport: number; tMakan: number; ... 23 more ...; bankRekName?: string | ... 1 more ... | undefined; }, any, TFieldValues>' is not assignable to type 'Control<{ emplId: string; nama: string; kdSex: "LAKILAKI" | "PEREMPUAN"; kdSts: "AKTIF" | "TIDAK_AKTIF"; kdJns: "TETAP" | "KONTRAK" | "HARIAN"; pokokBln: number; tTransport: number; tMakan: number; ... 23 more ...; bankRekName?: string | ... 1 more ... | undefined; }, any, { ...; }>'.
  The types of '_options.resolver' are incompatible between these types.
    Type 'Resolver<{ emplId: string; nama: string; kdSex: "LAKILAKI" | "PEREMPUAN"; kdSts: "AKTIF" | "TIDAK_AKTIF"; kdJns: "TETAP" | "KONTRAK" | "HARIAN"; pokokBln: number; tTransport: number; tMakan: number; ... 23 more ...; bankRekName?: string | ... 1 more ... | undefined; }, any, TFieldValues> | undefined' is not assignable to type 'Resolver<{ emplId: string; nama: string; kdSex: "LAKILAKI" | "PEREMPUAN"; kdSts: "AKTIF" | "TIDAK_AKTIF"; kdJns: "TETAP" | "KONTRAK" | "HARIAN"; pokokBln: number; tTransport: number; tMakan: number; ... 23 more ...; bankRekName?: string | ... 1 more ... | undefined; }, any, { ...; }> | undefined'.
      Type 'Resolver<{ emplId: string; nama: string; kdSex: "LAKILAKI" | "PEREMPUAN"; kdSts: "AKTIF" | "TIDAK_AKTIF"; kdJns: "TETAP" | "KONTRAK" | "HARIAN"; pokokBln: number; tTransport: number; tMakan: number; ... 23 more ...; bankRekName?: string | ... 1 more ... | undefined; }, any, TFieldValues>' is not assignable to type 'Resolver<{ emplId: string; nama: string; kdSex: "LAKILAKI" | "PEREMPUAN"; kdSts: "AKTIF" | "TIDAK_AKTIF"; kdJns: "TETAP" | "KONTRAK" | "HARIAN"; pokokBln: number; tTransport: number; tMakan: number; ... 23 more ...; bankRekName?: string | ... 1 more ... | undefined; }, any, { ...; }>'.
        Type 'ResolverResult<{ emplId: string; nama: string; kdSex: "LAKILAKI" | "PEREMPUAN"; kdSts: "AKTIF" | "TIDAK_AKTIF"; kdJns: "TETAP" | "KONTRAK" | "HARIAN"; pokokBln: number; tTransport: number; tMakan: number; ... 23 more ...; bankRekName?: string | ... 1 more ... | undefined; }, TFieldValues> | Promise<...>' is not assignable to type 'ResolverResult<{ emplId: string; nama: string; kdSex: "LAKILAKI" | "PEREMPUAN"; kdSts: "AKTIF" | "TIDAK_AKTIF"; kdJns: "TETAP" | "KONTRAK" | "HARIAN"; pokokBln: number; tTransport: number; tMakan: number; ... 23 more ...; bankRekName?: string | ... 1 more ... | undefined; }, { ...; }> | Promise<...>'.
          Type 'ResolverSuccess<TFieldValues>' is not assignable to type 'ResolverResult<{ emplId: string; nama: string; kdSex: "LAKILAKI" | "PEREMPUAN"; kdSts: "AKTIF" | "TIDAK_AKTIF"; kdJns: "TETAP" | "KONTRAK" | "HARIAN"; pokokBln: number; tTransport: number; tMakan: number; ... 23 more ...; bankRekName?: string | ... 1 more ... | undefined; }, { ...; }> | Promise<...>'.
            Type 'ResolverSuccess<TFieldValues>' is not assignable to type 'ResolverSuccess<{ emplId: string; nama: string; kdSex: "LAKILAKI" | "PEREMPUAN"; kdSts: "AKTIF" | "TIDAK_AKTIF"; kdJns: "TETAP" | "KONTRAK" | "HARIAN"; pokokBln: number; tTransport: number; tMakan: number; ... 23 more ...; bankRekName?: string | ... 1 more ... | undefined; }>'.
              Type 'TFieldValues' is not assignable to type '{ emplId: string; nama: string; kdSex: "LAKILAKI" | "PEREMPUAN"; kdSts: "AKTIF" | "TIDAK_AKTIF"; kdJns: "TETAP" | "KONTRAK" | "HARIAN"; pokokBln: number; tTransport: number; tMakan: number; ... 23 more ...; bankRekName?: string | ... 1 more ... | undefined; }'.
                Type 'FieldValues' is missing the following properties from type '{ emplId: string; nama: string; kdSex: "LAKILAKI" | "PEREMPUAN"; kdSts: "AKTIF" | "TIDAK_AKTIF"; kdJns: "TETAP" | "KONTRAK" | "HARIAN"; pokokBln: number; tTransport: number; tMakan: number; ... 23 more ...; bankRekName?: string | ... 1 more ... | undefined; }': emplId, nama, kdSex, kdSts, and 13 more.
components/employees/EmployeeDialog.tsx(697,49): error TS2322: Type 'Control<{ emplId: string; nama: string; kdSex: "LAKILAKI" | "PEREMPUAN"; kdSts: "AKTIF" | "TIDAK_AKTIF"; kdJns: "TETAP" | "KONTRAK" | "HARIAN"; pokokBln: number; tTransport: number; tMakan: number; ... 23 more ...; bankRekName?: string | ... 1 more ... | undefined; }, any, TFieldValues>' is not assignable to type 'Control<{ emplId: string; nama: string; kdSex: "LAKILAKI" | "PEREMPUAN"; kdSts: "AKTIF" | "TIDAK_AKTIF"; kdJns: "TETAP" | "KONTRAK" | "HARIAN"; pokokBln: number; tTransport: number; tMakan: number; ... 23 more ...; bankRekName?: string | ... 1 more ... | undefined; }, any, { ...; }>'.
  The types of '_options.resolver' are incompatible between these types.
    Type 'Resolver<{ emplId: string; nama: string; kdSex: "LAKILAKI" | "PEREMPUAN"; kdSts: "AKTIF" | "TIDAK_AKTIF"; kdJns: "TETAP" | "KONTRAK" | "HARIAN"; pokokBln: number; tTransport: number; tMakan: number; ... 23 more ...; bankRekName?: string | ... 1 more ... | undefined; }, any, TFieldValues> | undefined' is not assignable to type 'Resolver<{ emplId: string; nama: string; kdSex: "LAKILAKI" | "PEREMPUAN"; kdSts: "AKTIF" | "TIDAK_AKTIF"; kdJns: "TETAP" | "KONTRAK" | "HARIAN"; pokokBln: number; tTransport: number; tMakan: number; ... 23 more ...; bankRekName?: string | ... 1 more ... | undefined; }, any, { ...; }> | undefined'.
      Type 'Resolver<{ emplId: string; nama: string; kdSex: "LAKILAKI" | "PEREMPUAN"; kdSts: "AKTIF" | "TIDAK_AKTIF"; kdJns: "TETAP" | "KONTRAK" | "HARIAN"; pokokBln: number; tTransport: number; tMakan: number; ... 23 more ...; bankRekName?: string | ... 1 more ... | undefined; }, any, TFieldValues>' is not assignable to type 'Resolver<{ emplId: string; nama: string; kdSex: "LAKILAKI" | "PEREMPUAN"; kdSts: "AKTIF" | "TIDAK_AKTIF"; kdJns: "TETAP" | "KONTRAK" | "HARIAN"; pokokBln: number; tTransport: number; tMakan: number; ... 23 more ...; bankRekName?: string | ... 1 more ... | undefined; }, any, { ...; }>'.
        Type 'ResolverResult<{ emplId: string; nama: string; kdSex: "LAKILAKI" | "PEREMPUAN"; kdSts: "AKTIF" | "TIDAK_AKTIF"; kdJns: "TETAP" | "KONTRAK" | "HARIAN"; pokokBln: number; tTransport: number; tMakan: number; ... 23 more ...; bankRekName?: string | ... 1 more ... | undefined; }, TFieldValues> | Promise<...>' is not assignable to type 'ResolverResult<{ emplId: string; nama: string; kdSex: "LAKILAKI" | "PEREMPUAN"; kdSts: "AKTIF" | "TIDAK_AKTIF"; kdJns: "TETAP" | "KONTRAK" | "HARIAN"; pokokBln: number; tTransport: number; tMakan: number; ... 23 more ...; bankRekName?: string | ... 1 more ... | undefined; }, { ...; }> | Promise<...>'.
          Type 'ResolverSuccess<TFieldValues>' is not assignable to type 'ResolverResult<{ emplId: string; nama: string; kdSex: "LAKILAKI" | "PEREMPUAN"; kdSts: "AKTIF" | "TIDAK_AKTIF"; kdJns: "TETAP" | "KONTRAK" | "HARIAN"; pokokBln: number; tTransport: number; tMakan: number; ... 23 more ...; bankRekName?: string | ... 1 more ... | undefined; }, { ...; }> | Promise<...>'.
            Type 'ResolverSuccess<TFieldValues>' is not assignable to type 'ResolverSuccess<{ emplId: string; nama: string; kdSex: "LAKILAKI" | "PEREMPUAN"; kdSts: "AKTIF" | "TIDAK_AKTIF"; kdJns: "TETAP" | "KONTRAK" | "HARIAN"; pokokBln: number; tTransport: number; tMakan: number; ... 23 more ...; bankRekName?: string | ... 1 more ... | undefined; }>'.
              Type 'TFieldValues' is not assignable to type '{ emplId: string; nama: string; kdSex: "LAKILAKI" | "PEREMPUAN"; kdSts: "AKTIF" | "TIDAK_AKTIF"; kdJns: "TETAP" | "KONTRAK" | "HARIAN"; pokokBln: number; tTransport: number; tMakan: number; ... 23 more ...; bankRekName?: string | ... 1 more ... | undefined; }'.
                Type 'FieldValues' is missing the following properties from type '{ emplId: string; nama: string; kdSex: "LAKILAKI" | "PEREMPUAN"; kdSts: "AKTIF" | "TIDAK_AKTIF"; kdJns: "TETAP" | "KONTRAK" | "HARIAN"; pokokBln: number; tTransport: number; tMakan: number; ... 23 more ...; bankRekName?: string | ... 1 more ... | undefined; }': emplId, nama, kdSex, kdSts, and 13 more.
components/employees/EmployeeDialog.tsx(710,49): error TS2322: Type 'Control<{ emplId: string; nama: string; kdSex: "LAKILAKI" | "PEREMPUAN"; kdSts: "AKTIF" | "TIDAK_AKTIF"; kdJns: "TETAP" | "KONTRAK" | "HARIAN"; pokokBln: number; tTransport: number; tMakan: number; ... 23 more ...; bankRekName?: string | ... 1 more ... | undefined; }, any, TFieldValues>' is not assignable to type 'Control<{ emplId: string; nama: string; kdSex: "LAKILAKI" | "PEREMPUAN"; kdSts: "AKTIF" | "TIDAK_AKTIF"; kdJns: "TETAP" | "KONTRAK" | "HARIAN"; pokokBln: number; tTransport: number; tMakan: number; ... 23 more ...; bankRekName?: string | ... 1 more ... | undefined; }, any, { ...; }>'.
  The types of '_options.resolver' are incompatible between these types.
    Type 'Resolver<{ emplId: string; nama: string; kdSex: "LAKILAKI" | "PEREMPUAN"; kdSts: "AKTIF" | "TIDAK_AKTIF"; kdJns: "TETAP" | "KONTRAK" | "HARIAN"; pokokBln: number; tTransport: number; tMakan: number; ... 23 more ...; bankRekName?: string | ... 1 more ... | undefined; }, any, TFieldValues> | undefined' is not assignable to type 'Resolver<{ emplId: string; nama: string; kdSex: "LAKILAKI" | "PEREMPUAN"; kdSts: "AKTIF" | "TIDAK_AKTIF"; kdJns: "TETAP" | "KONTRAK" | "HARIAN"; pokokBln: number; tTransport: number; tMakan: number; ... 23 more ...; bankRekName?: string | ... 1 more ... | undefined; }, any, { ...; }> | undefined'.
      Type 'Resolver<{ emplId: string; nama: string; kdSex: "LAKILAKI" | "PEREMPUAN"; kdSts: "AKTIF" | "TIDAK_AKTIF"; kdJns: "TETAP" | "KONTRAK" | "HARIAN"; pokokBln: number; tTransport: number; tMakan: number; ... 23 more ...; bankRekName?: string | ... 1 more ... | undefined; }, any, TFieldValues>' is not assignable to type 'Resolver<{ emplId: string; nama: string; kdSex: "LAKILAKI" | "PEREMPUAN"; kdSts: "AKTIF" | "TIDAK_AKTIF"; kdJns: "TETAP" | "KONTRAK" | "HARIAN"; pokokBln: number; tTransport: number; tMakan: number; ... 23 more ...; bankRekName?: string | ... 1 more ... | undefined; }, any, { ...; }>'.
        Type 'ResolverResult<{ emplId: string; nama: string; kdSex: "LAKILAKI" | "PEREMPUAN"; kdSts: "AKTIF" | "TIDAK_AKTIF"; kdJns: "TETAP" | "KONTRAK" | "HARIAN"; pokokBln: number; tTransport: number; tMakan: number; ... 23 more ...; bankRekName?: string | ... 1 more ... | undefined; }, TFieldValues> | Promise<...>' is not assignable to type 'ResolverResult<{ emplId: string; nama: string; kdSex: "LAKILAKI" | "PEREMPUAN"; kdSts: "AKTIF" | "TIDAK_AKTIF"; kdJns: "TETAP" | "KONTRAK" | "HARIAN"; pokokBln: number; tTransport: number; tMakan: number; ... 23 more ...; bankRekName?: string | ... 1 more ... | undefined; }, { ...; }> | Promise<...>'.
          Type 'ResolverSuccess<TFieldValues>' is not assignable to type 'ResolverResult<{ emplId: string; nama: string; kdSex: "LAKILAKI" | "PEREMPUAN"; kdSts: "AKTIF" | "TIDAK_AKTIF"; kdJns: "TETAP" | "KONTRAK" | "HARIAN"; pokokBln: number; tTransport: number; tMakan: number; ... 23 more ...; bankRekName?: string | ... 1 more ... | undefined; }, { ...; }> | Promise<...>'.
            Type 'ResolverSuccess<TFieldValues>' is not assignable to type 'ResolverSuccess<{ emplId: string; nama: string; kdSex: "LAKILAKI" | "PEREMPUAN"; kdSts: "AKTIF" | "TIDAK_AKTIF"; kdJns: "TETAP" | "KONTRAK" | "HARIAN"; pokokBln: number; tTransport: number; tMakan: number; ... 23 more ...; bankRekName?: string | ... 1 more ... | undefined; }>'.
              Type 'TFieldValues' is not assignable to type '{ emplId: string; nama: string; kdSex: "LAKILAKI" | "PEREMPUAN"; kdSts: "AKTIF" | "TIDAK_AKTIF"; kdJns: "TETAP" | "KONTRAK" | "HARIAN"; pokokBln: number; tTransport: number; tMakan: number; ... 23 more ...; bankRekName?: string | ... 1 more ... | undefined; }'.
                Type 'FieldValues' is missing the following properties from type '{ emplId: string; nama: string; kdSex: "LAKILAKI" | "PEREMPUAN"; kdSts: "AKTIF" | "TIDAK_AKTIF"; kdJns: "TETAP" | "KONTRAK" | "HARIAN"; pokokBln: number; tTransport: number; tMakan: number; ... 23 more ...; bankRekName?: string | ... 1 more ... | undefined; }': emplId, nama, kdSex, kdSts, and 13 more.
